<html>
<body>
<pre>
<h1>礦ision Build Log</h1>
<h2>Tool Versions:</h2>
IDE-Version: μVision V5.18a
Copyright (C) 2016 ARM Ltd and ARM Germany GmbH. All rights reserved.
License Information: ww Microsoft, Microsoft, LIC=SDAY8-3LVVY-HKLBD-8EFWV-63JT1-YIMPI
 
Tool Versions:
Toolchain:       MDK-ARM Standard  Version: 5.18a
Toolchain Path:  C:\Keil_v5\ARM\ARMCC\Bin
C Compiler:      Armcc.exe V5.06 update 1 (build 61)
Assembler:       Armasm.exe V5.06 update 1 (build 61)
Linker/Locator:  ArmLink.exe V5.06 update 1 (build 61)
Library Manager: ArmAr.exe V5.06 update 1 (build 61)
Hex Converter:   FromElf.exe V5.06 update 1 (build 61)
CPU DLL:         SARMCM3.DLL V5.18a
Dialog DLL:      DCM.DLL V1.13.6.0
Target DLL:      Segger\JL2CM3.dll V2.99.19.0
Dialog DLL:      TCM.DLL V1.14.8.0
 
<h2>Project:</h2>
E:\2019王叶辉\boot\wyh_bootloader\Project\MDK-ARM(uV4)\project.uvprojx
Project File Date:  03/14/2019

<h2>Output:</h2>
*** Using Compiler 'V5.06 update 1 (build 61)', folder: 'C:\Keil_v5\ARM\ARMCC\Bin'
Rebuild target 'Flash'
compiling Net_Config.c...
compiling Net_Debug.c...
compiling main.c...
compiling bsp.c...
compiling bsp_key.c...
compiling app_tcpnet_lib.c...
..\..\User\libapp\app_tcpnet_lib.c(138): warning:  #186-D: pointless comparison of unsigned integer with zero
  							if(iCount < 0)
..\..\User\libapp\app_tcpnet_lib.c: 1 warning, 0 errors
compiling bsp_led.c...
compiling bsp_timer.c...
compiling stm32f4xx_it.c...
compiling bsp_uart_fifo.c...
compiling bsp_flash_if.c...
compiling bsp_stm32f4flash.c...
compiling stm32f4xx_assert.c...
assembling startup_stm32f40_41xxx.s...
compiling stm32f4xx_flash.c...
compiling misc.c...
compiling stm32f4xx_rtc.c...
compiling stm32f4xx_gpio.c...
compiling stm32f4xx_rcc.c...
compiling stm32f4xx_usart.c...
compiling stm32f4xx_syscfg.c...
compiling stm32f4xx_exti.c...
compiling stm32f4xx_tim.c...
compiling system_stm32f4xx.c...
compiling stm32f4xx_pwr.c...
compiling ETH_STM32F4xx.c...
linking...
Program Size: Code=34948 RO-data=1412 RW-data=192 ZI-data=36600  
FromELF: creating hex file...
After Build - User command #1: CopyHex_Flash.bat
E:\2019王叶辉\boot\wyh_bootloader\Project\MDK-ARM(uV4)>copy Flash\Obj\output.hex ..\output(mdk).hex 
已复制         1 个文件。
".\Flash\Obj\output.axf" - 0 Error(s), 1 Warning(s).

<h2>Software Packages used:</h2>

Package Vendor: ARM
                http://www.keil.com/pack/ARM.CMSIS.4.5.0.pack
                ARM::CMSIS:CORE:4.3.0
                CMSIS (Cortex Microcontroller Software Interface Standard)
   * Component: CORE Version: 4.3.0

<h2>Collection of Component include folders:</h2>
  E:\2019王叶辉\boot\wyh_bootloader\Project\MDK-ARM(uV4)\RTE
  C:\Keil_v5\ARM\PACK\ARM\CMSIS\4.5.0\CMSIS\Include
  C:\Keil_v5\ARM\PACK\Keil\STM32F4xx_DFP\2.8.0\Drivers\CMSIS\Device\ST\STM32F4xx\Include

<h2>Collection of Component Files used:</h2>

   * Component: ARM::CMSIS:CORE:4.3.0
Build Time Elapsed:  00:00:17
</pre>
</body>
</html>
