Component: ARM Compiler 5.06 update 1 (build 61) Tool: armlink [4d35a8]

==============================================================================

Section Cross References

    main.o(i.main) refers to bsp_led.o(i.bsp_InitRtc) for bsp_InitRtc
    main.o(i.main) refers to stm32f4xx_rtc.o(i.RTC_ReadBackupRegister) for RTC_ReadBackupRegister
    main.o(i.main) refers to stm32f4xx_rtc.o(i.RTC_WriteBackupRegister) for RTC_WriteBackupRegister
    main.o(i.main) refers to bsp.o(i.bsp_Init) for bsp_Init
    main.o(i.main) refers to app_tcpnet_lib.o(i.TCPnetTest) for TCPnetTest
    main.o(i.main) refers to main.o(.data) for LocalTime
    net_config.o(i.init_system) refers to at_ethernet.o(i.eth_init_link) for eth_init_link
    net_config.o(i.init_system) refers to at_ip.o(i.ip_init) for ip_init
    net_config.o(i.init_system) refers to at_icmp.o(i.icmp_init) for icmp_init
    net_config.o(i.init_system) refers to at_udp.o(i.udp_init) for udp_init
    net_config.o(i.init_system) refers to at_tcp.o(i.tcp_init) for tcp_init
    net_config.o(i.init_system) refers to at_nbns.o(i.nbns_init) for nbns_init
    net_config.o(i.init_system) refers to at_arp.o(i.arp_notify) for arp_notify
    net_config.o(i.run_system) refers to at_ethernet.o(i.eth_run_link) for eth_run_link
    net_config.o(i.run_system) refers to at_ip.o(i.ip_run_local) for ip_run_local
    net_config.o(i.run_system) refers to at_icmp.o(i.icmp_run_engine) for icmp_run_engine
    net_config.o(i.run_system) refers to at_tcp.o(i.tcp_poll_sockets) for tcp_poll_sockets
    net_config.o(.constdata) refers to net_config.o(.bss) for mem_pool
    net_config.o(.constdata) refers to net_config.o(.data) for lhost_name
    app_tcpnet_lib.o(i.CalcCRC16) refers to app_tcpnet_lib.o(.constdata) for auchCRCHi
    app_tcpnet_lib.o(i.FinishPack) refers to app_tcpnet_lib.o(i.CalcCRC16) for CalcCRC16
    app_tcpnet_lib.o(i.ProcessData) refers to app_tcpnet_lib.o(.bss) for gComSet
    app_tcpnet_lib.o(i.ProcessUpCmd) refers to app_tcpnet_lib.o(i.FinishPack) for FinishPack
    app_tcpnet_lib.o(i.ProcessUpCmd) refers to app_tcpnet_lib.o(i.SendUp) for SendUp
    app_tcpnet_lib.o(i.ProcessUpCmd) refers to app_tcpnet_lib.o(.bss) for SendPack
    app_tcpnet_lib.o(i.ProcessUpCmd) refers to app_tcpnet_lib.o(.data) for btValue
    app_tcpnet_lib.o(i.ProcessUpCmd) refers to bsp_flash_if.o(i.FLASH_If_Write) for FLASH_If_Write
    app_tcpnet_lib.o(i.ProcessUpCmd) refers to bsp_flash_if.o(i.FLASH_If_EnableWriteProtection) for FLASH_If_EnableWriteProtection
    app_tcpnet_lib.o(i.ProcessUpCmd) refers to app_tcpnet_lib.o(i.NVIC_SystemReset) for NVIC_SystemReset
    app_tcpnet_lib.o(i.ProcessUpCmd) refers to bsp_flash_if.o(i.FLASH_If_DisableWriteProtection) for FLASH_If_DisableWriteProtection
    app_tcpnet_lib.o(i.ProcessUpCmd) refers to bsp_flash_if.o(i.FLASH_If_Erase) for FLASH_If_Erase
    app_tcpnet_lib.o(i.ProcessUpCmd) refers to main.o(.data) for LocalTime
    app_tcpnet_lib.o(i.SendUp) refers to app_tcpnet_lib.o(i.tcpnet_poll) for tcpnet_poll
    app_tcpnet_lib.o(i.SendUp) refers to at_tcp.o(i.tcp_check_send) for tcp_check_send
    app_tcpnet_lib.o(i.SendUp) refers to at_tcp.o(i.tcp_max_dsize) for tcp_max_dsize
    app_tcpnet_lib.o(i.SendUp) refers to at_tcp.o(i.tcp_get_buf) for tcp_get_buf
    app_tcpnet_lib.o(i.SendUp) refers to at_tcp.o(i.tcp_send) for tcp_send
    app_tcpnet_lib.o(i.SendUp) refers to app_tcpnet_lib.o(.data) for socket_tcp
    app_tcpnet_lib.o(i.TCP_StatusCheck) refers to at_tcp.o(i.tcp_get_state) for tcp_get_state
    app_tcpnet_lib.o(i.TCP_StatusCheck) refers to at_tcp.o(i.tcp_listen) for tcp_listen
    app_tcpnet_lib.o(i.TCP_StatusCheck) refers to printf6.o(i.__0printf$6) for __2printf
    app_tcpnet_lib.o(i.TCP_StatusCheck) refers to app_tcpnet_lib.o(.data) for socket_tcp
    app_tcpnet_lib.o(i.TCPnetTest) refers to bsp_flash_if.o(i.FLASH_If_Init) for FLASH_If_Init
    app_tcpnet_lib.o(i.TCPnetTest) refers to at_system.o(i.init_TcpNet) for init_TcpNet
    app_tcpnet_lib.o(i.TCPnetTest) refers to at_tcp.o(i.tcp_get_socket) for tcp_get_socket
    app_tcpnet_lib.o(i.TCPnetTest) refers to at_tcp.o(i.tcp_listen) for tcp_listen
    app_tcpnet_lib.o(i.TCPnetTest) refers to printf6.o(i.__0printf$6) for __2printf
    app_tcpnet_lib.o(i.TCPnetTest) refers to bsp_timer.o(i.bsp_StartAutoTimer) for bsp_StartAutoTimer
    app_tcpnet_lib.o(i.TCPnetTest) refers to at_tcp.o(i.tcp_close) for tcp_close
    app_tcpnet_lib.o(i.TCPnetTest) refers to app_tcpnet_lib.o(i.NVIC_SystemReset) for NVIC_SystemReset
    app_tcpnet_lib.o(i.TCPnetTest) refers to app_tcpnet_lib.o(i.tcpnet_poll) for tcpnet_poll
    app_tcpnet_lib.o(i.TCPnetTest) refers to app_tcpnet_lib.o(i.TCP_StatusCheck) for TCP_StatusCheck
    app_tcpnet_lib.o(i.TCPnetTest) refers to bsp_key.o(i.bsp_GetKey) for bsp_GetKey
    app_tcpnet_lib.o(i.TCPnetTest) refers to app_tcpnet_lib.o(i.SendUp) for SendUp
    app_tcpnet_lib.o(i.TCPnetTest) refers to app_tcpnet_lib.o(i.UARTLoop) for UARTLoop
[...]
    i.bsp_GetKey                             0x08003ef4   Section        0  bsp_key.o(i.bsp_GetKey)
    i.bsp_Init                               0x08003f28   Section        0  bsp.o(i.bsp_Init)
    i.bsp_InitHardTimer                      0x08003f44   Section        0  bsp_timer.o(i.bsp_InitHardTimer)
    i.bsp_InitKey                            0x08003fac   Section        0  bsp_key.o(i.bsp_InitKey)
    i.bsp_InitKeyHard                        0x08003fb8   Section        0  bsp_key.o(i.bsp_InitKeyHard)
    bsp_InitKeyHard                          0x08003fb9   Thumb Code   138  bsp_key.o(i.bsp_InitKeyHard)
    i.bsp_InitKeyVar                         0x08004058   Section        0  bsp_key.o(i.bsp_InitKeyVar)
    bsp_InitKeyVar                           0x08004059   Thumb Code   164  bsp_key.o(i.bsp_InitKeyVar)
    i.bsp_InitLed                            0x0800412c   Section        0  bsp_led.o(i.bsp_InitLed)
    i.bsp_InitRtc                            0x080041a8   Section        0  bsp_led.o(i.bsp_InitRtc)
    i.bsp_InitTimer                          0x080041c0   Section        0  bsp_timer.o(i.bsp_InitTimer)
    i.bsp_InitUart                           0x0800425c   Section        0  bsp_uart_fifo.o(i.bsp_InitUart)
    i.bsp_KeyScan                            0x08004270   Section        0  bsp_key.o(i.bsp_KeyScan)
    i.bsp_LedOff                             0x08004288   Section        0  bsp_led.o(i.bsp_LedOff)
    i.bsp_PutKey                             0x080042c8   Section        0  bsp_key.o(i.bsp_PutKey)
    i.bsp_RunPer10ms                         0x080042e8   Section        0  bsp.o(i.bsp_RunPer10ms)
    i.bsp_RunPer1ms                          0x080042f0   Section        0  bsp.o(i.bsp_RunPer1ms)
    i.bsp_SoftTimerDec                       0x0800430c   Section        0  bsp_timer.o(i.bsp_SoftTimerDec)
    bsp_SoftTimerDec                         0x0800430d   Thumb Code    28  bsp_timer.o(i.bsp_SoftTimerDec)
    i.bsp_StartAutoTimer                     0x08004328   Section        0  bsp_timer.o(i.bsp_StartAutoTimer)
    i.calc_chksum16be                        0x080043c4   Section        0  at_lib.o(i.calc_chksum16be)
    i.chksum16_buf                           0x080043d8   Section        0  at_lib.o(i.chksum16_buf)
    i.chksum16_val                           0x08004400   Section        0  at_lib.o(i.chksum16_val)
    i.debug_inf2                             0x0800440c   Section        0  at_arp.o(i.debug_inf2)
    debug_inf2                               0x0800440d   Thumb Code    56  at_arp.o(i.debug_inf2)
    i.debug_inf2                             0x08004480   Section        0  at_tcp.o(i.debug_inf2)
    debug_inf2                               0x08004481   Thumb Code   172  at_tcp.o(i.debug_inf2)
    i.debug_info                             0x080045a4   Section        0  at_arp.o(i.debug_info)
    debug_info                               0x080045a5   Thumb Code   148  at_arp.o(i.debug_info)
    i.debug_info                             0x080046e8   Section        0  at_ip.o(i.debug_info)
    debug_info                               0x080046e9   Thumb Code   118  at_ip.o(i.debug_info)
    i.debug_info                             0x080047e4   Section        0  at_icmp.o(i.debug_info)
    debug_info                               0x080047e5   Thumb Code    48  at_icmp.o(i.debug_info)
    i.debug_info                             0x08004854   Section        0  at_tcp.o(i.debug_info)
    debug_info                               0x08004855   Thumb Code    32  at_tcp.o(i.debug_info)
    i.debug_info                             0x08004894   Section        0  at_udp.o(i.debug_info)
    debug_info                               0x08004895   Thumb Code    64  at_udp.o(i.debug_info)
    i.debug_info                             0x08004920   Section        0  at_ethernet.o(i.debug_info)
    debug_info                               0x08004921   Thumb Code   114  at_ethernet.o(i.debug_info)
    i.eth_chk_adr                            0x08004a2c   Section        0  at_ethernet.o(i.eth_chk_adr)
    i.eth_init_link                          0x08004a3c   Section        0  at_ethernet.o(i.eth_init_link)
    i.eth_run_link                           0x08004a88   Section        0  at_ethernet.o(i.eth_run_link)
    i.eth_send_frame                         0x08004bb0   Section        0  at_ethernet.o(i.eth_send_frame)
    i.fputc                                  0x08004cd4   Section        0  bsp_uart_fifo.o(i.fputc)
    i.free_mem                               0x08004d14   Section        0  at_mem.o(i.free_mem)
    i.get_crc32                              0x08004e6c   Section        0  at_lib.o(i.get_crc32)
    get_crc32                                0x08004e6d   Thumb Code    34  at_lib.o(i.get_crc32)
    i.get_rnd32                              0x08004e94   Section        0  at_system.o(i.get_rnd32)
    i.icmp_init                              0x08004eb0   Section        0  at_icmp.o(i.icmp_init)
    i.icmp_process                           0x08004ed8   Section        0  at_icmp.o(i.icmp_process)
    i.icmp_run_engine                        0x08005134   Section        0  at_icmp.o(i.icmp_run_engine)
    i.icmp_send_message                      0x080051a0   Section        0  at_icmp.o(i.icmp_send_message)
    icmp_send_message                        0x080051a1   Thumb Code   114  at_icmp.o(i.icmp_send_message)
    i.ifree_mem                              0x08005218   Section        0  at_mem.o(i.ifree_mem)
    i.igmp_is_member                         0x0800525c   Section        0  net_config.o(i.igmp_is_member)
    i.igmp_process                           0x08005260   Section        0  net_config.o(i.igmp_process)
    i.init_TcpNet                            0x08005264   Section        0  at_system.o(i.init_TcpNet)
    i.init_debug                             0x08005298   Section        0  net_debug.o(i.init_debug)
    i.init_ethernet                          0x0800529c   Section        0  eth_stm32f4xx.o(i.init_ethernet)
    i.init_mem                               0x08005708   Section        0  at_mem.o(i.init_mem)
    i.init_system                            0x080057b8   Section        0  net_config.o(i.init_system)
    i.int_disable_eth                        0x080057dc   Section        0  eth_stm32f4xx.o(i.int_disable_eth)
    i.int_enable_eth                         0x080057ec   Section        0  eth_stm32f4xx.o(i.int_enable_eth)
    i.ip_chk_frame                           0x080057fc   Section        0  at_ip.o(i.ip_chk_frame)
    i.ip_get_chksum                          0x080059b4   Section        0  at_ip.o(i.ip_get_chksum)
    ip_get_chksum                            0x080059b5   Thumb Code    10  at_ip.o(i.ip_get_chksum)
    i.ip_get_locadr                          0x080059c0   Section        0  at_ip.o(i.ip_get_locadr)
    i.ip_init                                0x08005a78   Section        0  at_ip.o(i.ip_init)
    i.ip_loopback                            0x08005aa0   Section        0  at_ip.o(i.ip_loopback)
    ip_loopback                              0x08005aa1   Thumb Code    84  at_ip.o(i.ip_loopback)
    i.ip_run_local                           0x08005b24   Section        0  at_ip.o(i.ip_run_local)
    i.ip_send_frame                          0x08005b80   Section        0  at_ip.o(i.ip_send_frame)
    i.is_subnet                              0x08005cdc   Section        0  at_lib.o(i.is_subnet)
    i.main                                   0x08005cf0   Section        0  main.o(i.main)
    i.main_TcpNet                            0x08005d58   Section        0  at_system.o(i.main_TcpNet)
    i.mem_comp                               0x08005dc0   Section        0  at_lib.o(i.mem_comp)
    i.mem_copy                               0x08005dd8   Section        0  at_lib.o(i.mem_copy)
    i.mem_crc32                              0x08005dee   Section        0  at_lib.o(i.mem_crc32)
    i.mem_set                                0x08005e0e   Section        0  at_lib.o(i.mem_set)
    i.mem_test                               0x08005e18   Section        0  at_lib.o(i.mem_test)
    i.nbns_init                              0x08005e2c   Section        0  at_nbns.o(i.nbns_init)
    i.nbns_listener                          0x08005e94   Section        0  at_nbns.o(i.nbns_listener)
    nbns_listener                            0x08005e95   Thumb Code   400  at_nbns.o(i.nbns_listener)
    i.nrd_u16be                              0x080060f8   Section        0  at_lib.o(i.nrd_u16be)
    i.nrd_u32be                              0x08006102   Section        0  at_lib.o(i.nrd_u32be)
    i.nwr_u32be                              0x08006118   Section        0  at_lib.o(i.nwr_u32be)
    i.ppp_send_frame                         0x08006128   Section        0  net_config.o(i.ppp_send_frame)
    i.put_in_queue                           0x0800612c   Section        0  at_ethernet.o(i.put_in_queue)
    i.read_PHY                               0x08006154   Section        0  eth_stm32f4xx.o(i.read_PHY)
    read_PHY                                 0x08006155   Thumb Code    52  eth_stm32f4xx.o(i.read_PHY)
    i.resize_mem                             0x0800618c   Section        0  at_mem.o(i.resize_mem)
    i.run_system                             0x08006220   Section        0  net_config.o(i.run_system)
    i.rx_descr_init                          0x08006238   Section        0  eth_stm32f4xx.o(i.rx_descr_init)
    rx_descr_init                            0x08006239   Thumb Code    92  eth_stm32f4xx.o(i.rx_descr_init)
    i.send_frame                             0x080062a4   Section        0  eth_stm32f4xx.o(i.send_frame)
    i.slip_send_frame                        0x08006324   Section        0  net_config.o(i.slip_send_frame)
    i.str_up_case                            0x08006328   Section        0  at_lib.o(i.str_up_case)
    i.sys_error                              0x08006342   Section        0  net_config.o(i.sys_error)
    i.tcp_callback                           0x08006368   Section        0  app_tcpnet_lib.o(i.tcp_callback)
    i.tcp_check_send                         0x080064a8   Section        0  at_tcp.o(i.tcp_check_send)
    i.tcp_close                              0x08006544   Section        0  at_tcp.o(i.tcp_close)
    i.tcp_get_buf                            0x08006674   Section        0  at_tcp.o(i.tcp_get_buf)
    i.tcp_get_socket                         0x080066b8   Section        0  at_tcp.o(i.tcp_get_socket)
    i.tcp_get_state                          0x080067a8   Section        0  at_tcp.o(i.tcp_get_state)
    i.tcp_init                               0x080067cc   Section        0  at_tcp.o(i.tcp_init)
    i.tcp_listen                             0x08006820   Section        0  at_tcp.o(i.tcp_listen)
    i.tcp_map_socket                         0x08006958   Section        0  at_tcp.o(i.tcp_map_socket)
    tcp_map_socket                           0x08006959   Thumb Code   160  at_tcp.o(i.tcp_map_socket)
    i.tcp_max_dsize                          0x08006a68   Section        0  at_tcp.o(i.tcp_max_dsize)
    i.tcp_parse_opt                          0x08006a8c   Section        0  at_tcp.o(i.tcp_parse_opt)
    tcp_parse_opt                            0x08006a8d   Thumb Code   122  at_tcp.o(i.tcp_parse_opt)
    i.tcp_poll_sockets                       0x08006b34   Section        0  at_tcp.o(i.tcp_poll_sockets)
    i.tcp_proc_acknr                         0x08006fbc   Section        0  at_tcp.o(i.tcp_proc_acknr)
    tcp_proc_acknr                           0x08006fbd   Thumb Code   226  at_tcp.o(i.tcp_proc_acknr)
    i.tcp_proc_dupack                        0x080070cc   Section        0  at_tcp.o(i.tcp_proc_dupack)
    tcp_proc_dupack                          0x080070cd   Thumb Code   132  at_tcp.o(i.tcp_proc_dupack)
    i.tcp_process                            0x08007198   Section        0  at_tcp.o(i.tcp_process)
    i.tcp_que_free                           0x08007c64   Section        0  at_tcp.o(i.tcp_que_free)
    tcp_que_free                             0x08007c65   Thumb Code    26  at_tcp.o(i.tcp_que_free)
    i.tcp_que_init                           0x08007c7e   Section        0  at_tcp.o(i.tcp_que_init)
    tcp_que_init                             0x08007c7f   Thumb Code    26  at_tcp.o(i.tcp_que_init)
    i.tcp_que_resend                         0x08007c98   Section        0  at_tcp.o(i.tcp_que_resend)
    tcp_que_resend                           0x08007c99   Thumb Code   170  at_tcp.o(i.tcp_que_resend)
    i.tcp_send                               0x08007d7c   Section        0  at_tcp.o(i.tcp_send)
    i.tcp_send_ctrl                          0x08007fb4   Section        0  at_tcp.o(i.tcp_send_ctrl)
    tcp_send_ctrl                            0x08007fb5   Thumb Code   116  at_tcp.o(i.tcp_send_ctrl)
    i.tcp_send_data                          0x08008044   Section        0  at_tcp.o(i.tcp_send_data)
    tcp_send_data                            0x08008045   Thumb Code    96  at_tcp.o(i.tcp_send_data)
    i.tcp_send_reset                         0x080080c0   Section        0  at_tcp.o(i.tcp_send_reset)
    tcp_send_reset                           0x080080c1   Thumb Code   112  at_tcp.o(i.tcp_send_reset)
    i.tcp_set_cwnd                           0x08008140   Section        0  at_tcp.o(i.tcp_set_cwnd)
    tcp_set_cwnd                             0x08008141   Thumb Code    48  at_tcp.o(i.tcp_set_cwnd)
    i.tcp_transit                            0x08008184   Section        0  at_tcp.o(i.tcp_transit)
    tcp_transit                              0x08008185   Thumb Code   100  at_tcp.o(i.tcp_transit)
    i.tcp_write                              0x080081ec   Section        0  at_tcp.o(i.tcp_write)
    tcp_write                                0x080081ed   Thumb Code   198  at_tcp.o(i.tcp_write)
    i.tcpnet_poll                            0x080082b8   Section        0  app_tcpnet_lib.o(i.tcpnet_poll)
    i.timer_tick                             0x080082cc   Section        0  at_system.o(i.timer_tick)
    i.tx_descr_init                          0x080082e0   Section        0  eth_stm32f4xx.o(i.tx_descr_init)
    tx_descr_init                            0x080082e1   Thumb Code    78  eth_stm32f4xx.o(i.tx_descr_init)
    i.udp_get_buf                            0x08008344   Section        0  at_udp.o(i.udp_get_buf)
    i.udp_get_socket                         0x08008388   Section        0  at_udp.o(i.udp_get_socket)
    i.udp_init                               0x0800846c   Section        0  at_udp.o(i.udp_init)
    i.udp_open                               0x080084a8   Section        0  at_udp.o(i.udp_open)
    i.udp_port_in_use                        0x080085d0   Section        0  at_udp.o(i.udp_port_in_use)
    udp_port_in_use                          0x080085d1   Thumb Code    40  at_udp.o(i.udp_port_in_use)
    i.udp_process                            0x080085fc   Section        0  at_udp.o(i.udp_process)
    i.udp_send                               0x08008780   Section        0  at_udp.o(i.udp_send)
    i.write_PHY                              0x080089d8   Section        0  eth_stm32f4xx.o(i.write_PHY)
    write_PHY                                0x080089d9   Thumb Code    48  eth_stm32f4xx.o(i.write_PHY)
    .constdata                               0x08008a0c   Section      120  net_config.o(.constdata)
    .constdata                               0x08008a84   Section      512  app_tcpnet_lib.o(.constdata)
    .constdata                               0x08008c84   Section       48  bsp_timer.o(.constdata)
    __FUNCTION__                             0x08008c84   Data          15  bsp_timer.o(.constdata)
    __FUNCTION__                             0x08008c93   Data          19  bsp_timer.o(.constdata)
    __FUNCTION__                             0x08008ca6   Data          14  bsp_timer.o(.constdata)
    .constdata                               0x08008cb4   Section       78  at_arp.o(.constdata)
    NullAdr                                  0x08008cb4   Data           6  at_arp.o(.constdata)
    p_asc                                    0x08008cba   Data          60  at_arp.o(.constdata)
    p_bin                                    0x08008cf6   Data          12  at_arp.o(.constdata)
    .constdata                               0x08008d02   Section       32  at_ip.o(.constdata)
    IP_Localhost                             0x08008d06   Data           4  at_ip.o(.constdata)
    p_bin                                    0x08008d0a   Data           4  at_ip.o(.constdata)
    p_asc                                    0x08008d0e   Data          20  at_ip.o(.constdata)
    .constdata                               0x08008d22   Section       24  at_tcp.o(.constdata)
    flg                                      0x08008d22   Data          24  at_tcp.o(.constdata)
    .constdata                               0x08008d3a   Section        8  at_nbns.o(.constdata)
    nbns_ttllen                              0x08008d3a   Data           8  at_nbns.o(.constdata)
    .constdata                               0x08008d42   Section       17  at_ethernet.o(.constdata)
    p_bin                                    0x08008d42   Data           4  at_ethernet.o(.constdata)
    p_asc                                    0x08008d4c   Data           7  at_ethernet.o(.constdata)
    .conststring                             0x08008d54   Section       66  eth_stm32f4xx.o(.conststring)
    .conststring                             0x08008d96   Section       80  at_tcp.o(.conststring)
    .data                                    0x20000000   Section       12  main.o(.data)
    .data                                    0x2000000c   Section       22  net_config.o(.data)
    .data                                    0x20000022   Section        7  app_tcpnet_lib.o(.data)
    .data                                    0x2000002c   Section       29  bsp_timer.o(.data)
    s_uiDelayCount                           0x2000002c   Data           4  bsp_timer.o(.data)
    s_ucTimeOutFlag                          0x20000030   Data           1  bsp_timer.o(.data)
    s_TIM_CallBack1                          0x20000038   Data           4  bsp_timer.o(.data)
    s_TIM_CallBack2                          0x2000003c   Data           4  bsp_timer.o(.data)
    s_TIM_CallBack3                          0x20000040   Data           4  bsp_timer.o(.data)
    s_TIM_CallBack4                          0x20000044   Data           4  bsp_timer.o(.data)
    s_count                                  0x20000048   Data           1  bsp_timer.o(.data)
    .data                                    0x20000049   Section        1  bsp_uart_fifo.o(.data)
    g_TxBuf2                                 0x20000049   Data           1  bsp_uart_fifo.o(.data)
    .data                                    0x2000004a   Section       16  stm32f4xx_rcc.o(.data)
    APBAHBPrescTable                         0x2000004a   Data          16  stm32f4xx_rcc.o(.data)
    .data                                    0x2000005c   Section       20  system_stm32f4xx.o(.data)
    .data                                    0x20000070   Section        3  eth_stm32f4xx.o(.data)
    TxBufIndex                               0x20000071   Data           1  eth_stm32f4xx.o(.data)
    RxBufIndex                               0x20000072   Data           1  eth_stm32f4xx.o(.data)
    .data                                    0x20000074   Section        8  at_arp.o(.data)
    entry                                    0x20000074   Data           1  at_arp.o(.data)
    probe_ip                                 0x20000078   Data           4  at_arp.o(.data)
    .data                                    0x2000007c   Section       12  at_ip.o(.data)
    ip_id                                    0x2000007c   Data           2  at_ip.o(.data)
    ip_control                               0x20000080   Data           8  at_ip.o(.data)
    .data                                    0x20000088   Section       48  at_tcp.o(.data)
    socket                                   0x20000088   Data           1  at_tcp.o(.data)
    no_ack                                   0x20000089   Data           1  at_tcp.o(.data)
    port                                     0x2000008a   Data           2  at_tcp.o(.data)
    stat                                     0x2000008c   Data          44  at_tcp.o(.data)
    .data                                    0x200000b8   Section        2  at_udp.o(.data)
    port                                     0x200000b8   Data           2  at_udp.o(.data)
    .data                                    0x200000ba   Section        1  at_nbns.o(.data)
    nbns_Socket                              0x200000ba   Data           1  at_nbns.o(.data)
    .data                                    0x200000bc   Section        4  stdout.o(.data)
    .bss                                     0x200000c0   Section     8492  net_config.o(.bss)
    mem_pool                                 0x200000c0   Data        8192  net_config.o(.bss)
    arp_table                                0x200020c0   Data         140  net_config.o(.bss)
    udp_scb                                  0x2000214c   Data          24  net_config.o(.bss)
    tcp_scb                                  0x20002164   Data         136  net_config.o(.bss)
    .bss                                     0x200021ec   Section     5866  app_tcpnet_lib.o(.bss)
    .bss                                     0x200038d8   Section      173  bsp_key.o(.bss)
    s_tBtn                                   0x200038d8   Data         160  bsp_key.o(.bss)
    s_tKey                                   0x20003978   Data          13  bsp_key.o(.bss)
    .bss                                     0x20003988   Section       48  bsp_timer.o(.bss)
    s_tTmr                                   0x20003988   Data          48  bsp_timer.o(.bss)
    .bss                                     0x200039b8   Section     8352  bsp_uart_fifo.o(.bss)
    g_tUart1                                 0x200039b8   Data          40  bsp_uart_fifo.o(.bss)
    g_TxBuf1                                 0x200039e0   Data        1024  bsp_uart_fifo.o(.bss)
    g_RxBuf1                                 0x20003de0   Data        1024  bsp_uart_fifo.o(.bss)
    g_tUart2                                 0x200041e0   Data          40  bsp_uart_fifo.o(.bss)
    g_RxBuf2                                 0x20004208   Data        2048  bsp_uart_fifo.o(.bss)
    g_tUart3                                 0x20004a08   Data          40  bsp_uart_fifo.o(.bss)
    g_TxBuf3                                 0x20004a30   Data        1024  bsp_uart_fifo.o(.bss)
    g_RxBuf3                                 0x20004e30   Data        1024  bsp_uart_fifo.o(.bss)
    g_tUart6                                 0x20005230   Data          40  bsp_uart_fifo.o(.bss)
    g_TxBuf6                                 0x20005258   Data        1024  bsp_uart_fifo.o(.bss)
    g_RxBuf6                                 0x20005658   Data        1024  bsp_uart_fifo.o(.bss)
    .bss                                     0x20005a58   Section     9312  eth_stm32f4xx.o(.bss)
    Rx_Desc                                  0x20005a58   Data          64  eth_stm32f4xx.o(.bss)
    Tx_Desc                                  0x20005a98   Data          32  eth_stm32f4xx.o(.bss)
    rx_buf                                   0x20005ab8   Data        6144  eth_stm32f4xx.o(.bss)
    tx_buf                                   0x200072b8   Data        3072  eth_stm32f4xx.o(.bss)
    .bss                                     0x20007eb8   Section       16  at_icmp.o(.bss)
    icmp_control                             0x20007eb8   Data          16  at_icmp.o(.bss)
    .bss                                     0x20007ec8   Section      132  at_ethernet.o(.bss)
    eth_control                              0x20007ec8   Data         132  at_ethernet.o(.bss)
    .bss                                     0x20007f4c   Section       16  at_mem.o(.bss)
    mem_control                              0x20007f4c   Data          16  at_mem.o(.bss)
    .bss                                     0x20007f5c   Section       88  at_system.o(.bss)
    dbg_buf                                  0x20007fa8   Data          12  at_system.o(.bss)
    STACK                                    0x20007fb8   Section     4096  startup_stm32f40_41xxx.o(STACK)

    Global Symbols

    Symbol Name                              Value     Ov Type        Size  Object(Section)

    BuildAttributes$$THM_ISAv4$E$P$D$K$B$S$7EM$VFPi3$EXTD16$VFPS$VFMA$PE$A:L22UL41UL21$X:L11$S22US41US21$IEEE1$IW$USESV6$~STKCKD$USESV7$~SHL$OSPACE$ROPI$EBA8$MICROLIB$REQ8$PRES8$EABIv2 0x00000000   Number         0  anon$$obj.o ABSOLUTE
    __ARM_use_no_argv                        0x00000000   Number         0  main.o ABSOLUTE
    _printf_a                                0x00000000   Number         0  stubs.o ABSOLUTE
    _printf_c                                0x00000000   Number         0  stubs.o ABSOLUTE
    _printf_charcount                        0x00000000   Number         0  stubs.o ABSOLUTE
    _printf_d                                0x00000000   Number         0  stubs.o ABSOLUTE
    _printf_e                                0x00000000   Number         0  stubs.o ABSOLUTE
    _printf_f                                0x00000000   Number         0  stubs.o ABSOLUTE
    _printf_flags                            0x00000000   Number         0  stubs.o ABSOLUTE
    _printf_fp_dec                           0x00000000   Number         0  stubs.o ABSOLUTE
    _printf_fp_hex                           0x00000000   Number         0  stubs.o ABSOLUTE
    _printf_g                                0x00000000   Number         0  stubs.o ABSOLUTE
    _printf_i                                0x00000000   Number         0  stubs.o ABSOLUTE
    _printf_int_dec                          0x00000000   Number         0  stubs.o ABSOLUTE
    _printf_l                                0x00000000   Number         0  stubs.o ABSOLUTE
    _printf_lc                               0x00000000   Number         0  stubs.o ABSOLUTE
    _printf_ll                               0x00000000   Number         0  stubs.o ABSOLUTE
    _printf_lld                              0x00000000   Number         0  stubs.o ABSOLUTE
    _printf_lli                              0x00000000   Number         0  stubs.o ABSOLUTE
    _printf_llo                              0x00000000   Number         0  stubs.o ABSOLUTE
    _printf_llu                              0x00000000   Number         0  stubs.o ABSOLUTE
    _printf_llx                              0x00000000   Number         0  stubs.o ABSOLUTE
    _printf_longlong_dec                     0x00000000   Number         0  stubs.o ABSOLUTE
    _printf_longlong_hex                     0x00000000   Number         0  stubs.o ABSOLUTE
    _printf_longlong_oct                     0x00000000   Number         0  stubs.o ABSOLUTE
    _printf_ls                               0x00000000   Number         0  stubs.o ABSOLUTE
    _printf_mbtowc                           0x00000000   Number         0  stubs.o ABSOLUTE
    _printf_n                                0x00000000   Number         0  stubs.o ABSOLUTE
    _printf_o                                0x00000000   Number         0  stubs.o ABSOLUTE
    _printf_p                                0x00000000   Number         0  stubs.o ABSOLUTE
    _printf_percent                          0x00000000   Number         0  stubs.o ABSOLUTE
    _printf_pre_padding                      0x00000000   Number         0  stubs.o ABSOLUTE
    _printf_return_value                     0x00000000   Number         0  stubs.o ABSOLUTE
    _printf_s                                0x00000000   Number         0  stubs.o ABSOLUTE
    _printf_sizespec                         0x00000000   Number         0  stubs.o ABSOLUTE
    _printf_str                              0x00000000   Number         0  stubs.o ABSOLUTE
    _printf_truncate_signed                  0x00000000   Number         0  stubs.o ABSOLUTE
    _printf_truncate_unsigned                0x00000000   Number         0  stubs.o ABSOLUTE
    _printf_u                                0x00000000   Number         0  stubs.o ABSOLUTE
    _printf_wc                               0x00000000   Number         0  stubs.o ABSOLUTE
    _printf_wctomb                           0x00000000   Number         0  stubs.o ABSOLUTE
    _printf_widthprec                        0x00000000   Number         0  stubs.o ABSOLUTE
    _printf_x                                0x00000000   Number         0  stubs.o ABSOLUTE
    __cpp_initialize__aeabi_                  - Undefined Weak Reference
    __cxa_finalize                            - Undefined Weak Reference
    __decompress                              - Undefined Weak Reference
    _clock_init                               - Undefined Weak Reference
    _microlib_exit                            - Undefined Weak Reference
    poll_ethernet                             - Undefined Weak Reference
    __Vectors_Size                           0x00000188   Number         0  startup_stm32f40_41xxx.o ABSOLUTE
    __RL_TCP_VER                             0x00000474   Number         0  at_system.o ABSOLUTE
    __Vectors                                0x08000000   Data           4  startup_stm32f40_41xxx.o(RESET)
    __Vectors_End                            0x08000188   Data           0  startup_stm32f40_41xxx.o(RESET)
    __main                                   0x08000189   Thumb Code     0  entry.o(.ARM.Collect$$$$00000000)
    _main_stk                                0x08000189   Thumb Code     0  entry2.o(.ARM.Collect$$$$00000001)
    _main_scatterload                        0x0800018d   Thumb Code     0  entry5.o(.ARM.Collect$$$$00000004)
    __main_after_scatterload                 0x08000191   Thumb Code     0  entry5.o(.ARM.Collect$$$$00000004)
    _main_clock                              0x08000191   Thumb Code     0  entry7b.o(.ARM.Collect$$$$00000008)
    _main_cpp_init                           0x08000191   Thumb Code     0  entry8b.o(.ARM.Collect$$$$0000000A)
    _main_init                               0x08000191   Thumb Code     0  entry9a.o(.ARM.Collect$$$$0000000B)
    __rt_final_cpp                           0x08000199   Thumb Code     0  entry10a.o(.ARM.Collect$$$$0000000D)
    __rt_final_exit                          0x08000199   Thumb Code     0  entry11a.o(.ARM.Collect$$$$0000000F)
    Reset_Handler                            0x0800019d   Thumb Code     8  startup_stm32f40_41xxx.o(.text)
    SVC_Handler                              0x080001af   Thumb Code     2  startup_stm32f40_41xxx.o(.text)
    PendSV_Handler                           0x080001b3   Thumb Code     2  startup_stm32f40_41xxx.o(.text)
    ADC_IRQHandler                           0x080001b7   Thumb Code     0  startup_stm32f40_41xxx.o(.text)
    CAN1_RX0_IRQHandler                      0x080001b7   Thumb Code     0  startup_stm32f40_41xxx.o(.text)
    CAN1_RX1_IRQHandler                      0x080001b7   Thumb Code     0  startup_stm32f40_41xxx.o(.text)
    CAN1_SCE_IRQHandler                      0x080001b7   Thumb Code     0  startup_stm32f40_41xxx.o(.text)
    CAN1_TX_IRQHandler                       0x080001b7   Thumb Code     0  startup_stm32f40_41xxx.o(.text)
    CAN2_RX0_IRQHandler                      0x080001b7   Thumb Code     0  startup_stm32f40_41xxx.o(.text)
    CAN2_RX1_IRQHandler                      0x080001b7   Thumb Code     0  startup_stm32f40_41xxx.o(.text)
    CAN2_SCE_IRQHandler                      0x080001b7   Thumb Code     0  startup_stm32f40_41xxx.o(.text)
    CAN2_TX_IRQHandler                       0x080001b7   Thumb Code     0  startup_stm32f40_41xxx.o(.text)
    CRYP_IRQHandler                          0x080001b7   Thumb Code     0  startup_stm32f40_41xxx.o(.text)
    DCMI_IRQHandler                          0x080001b7   Thumb Code     0  startup_stm32f40_41xxx.o(.text)
    DMA1_Stream0_IRQHandler                  0x080001b7   Thumb Code     0  startup_stm32f40_41xxx.o(.text)
    DMA1_Stream1_IRQHandler                  0x080001b7   Thumb Code     0  startup_stm32f40_41xxx.o(.text)
    DMA1_Stream2_IRQHandler                  0x080001b7   Thumb Code     0  startup_stm32f40_41xxx.o(.text)
    DMA1_Stream3_IRQHandler                  0x080001b7   Thumb Code     0  startup_stm32f40_41xxx.o(.text)
    DMA1_Stream4_IRQHandler                  0x080001b7   Thumb Code     0  startup_stm32f40_41xxx.o(.text)
    DMA1_Stream5_IRQHandler                  0x080001b7   Thumb Code     0  startup_stm32f40_41xxx.o(.text)
    DMA1_Stream6_IRQHandler                  0x080001b7   Thumb Code     0  startup_stm32f40_41xxx.o(.text)
    DMA1_Stream7_IRQHandler                  0x080001b7   Thumb Code     0  startup_stm32f40_41xxx.o(.text)
    DMA2_Stream0_IRQHandler                  0x080001b7   Thumb Code     0  startup_stm32f40_41xxx.o(.text)
    DMA2_Stream1_IRQHandler                  0x080001b7   Thumb Code     0  startup_stm32f40_41xxx.o(.text)
    DMA2_Stream2_IRQHandler                  0x080001b7   Thumb Code     0  startup_stm32f40_41xxx.o(.text)
    DMA2_Stream3_IRQHandler                  0x080001b7   Thumb Code     0  startup_stm32f40_41xxx.o(.text)
    DMA2_Stream4_IRQHandler                  0x080001b7   Thumb Code     0  startup_stm32f40_41xxx.o(.text)
    DMA2_Stream5_IRQHandler                  0x080001b7   Thumb Code     0  startup_stm32f40_41xxx.o(.text)
    DMA2_Stream6_IRQHandler                  0x080001b7   Thumb Code     0  startup_stm32f40_41xxx.o(.text)
    DMA2_Stream7_IRQHandler                  0x080001b7   Thumb Code     0  startup_stm32f40_41xxx.o(.text)
    ETH_WKUP_IRQHandler                      0x080001b7   Thumb Code     0  startup_stm32f40_41xxx.o(.text)
    EXTI0_IRQHandler                         0x080001b7   Thumb Code     0  startup_stm32f40_41xxx.o(.text)
    EXTI15_10_IRQHandler                     0x080001b7   Thumb Code     0  startup_stm32f40_41xxx.o(.text)
    EXTI1_IRQHandler                         0x080001b7   Thumb Code     0  startup_stm32f40_41xxx.o(.text)
    EXTI2_IRQHandler                         0x080001b7   Thumb Code     0  startup_stm32f40_41xxx.o(.text)
    EXTI3_IRQHandler                         0x080001b7   Thumb Code     0  startup_stm32f40_41xxx.o(.text)
    EXTI4_IRQHandler                         0x080001b7   Thumb Code     0  startup_stm32f40_41xxx.o(.text)
    FLASH_IRQHandler                         0x080001b7   Thumb Code     0  startup_stm32f40_41xxx.o(.text)
    FPU_IRQHandler                           0x080001b7   Thumb Code     0  startup_stm32f40_41xxx.o(.text)
    FSMC_IRQHandler                          0x080001b7   Thumb Code     0  startup_stm32f40_41xxx.o(.text)
    HASH_RNG_IRQHandler                      0x080001b7   Thumb Code     0  startup_stm32f40_41xxx.o(.text)
    I2C1_ER_IRQHandler                       0x080001b7   Thumb Code     0  startup_stm32f40_41xxx.o(.text)
    I2C1_EV_IRQHandler                       0x080001b7   Thumb Code     0  startup_stm32f40_41xxx.o(.text)
    I2C2_ER_IRQHandler                       0x080001b7   Thumb Code     0  startup_stm32f40_41xxx.o(.text)
    I2C2_EV_IRQHandler                       0x080001b7   Thumb Code     0  startup_stm32f40_41xxx.o(.text)
    I2C3_ER_IRQHandler                       0x080001b7   Thumb Code     0  startup_stm32f40_41xxx.o(.text)
    I2C3_EV_IRQHandler                       0x080001b7   Thumb Code     0  startup_stm32f40_41xxx.o(.text)
    OTG_FS_IRQHandler                        0x080001b7   Thumb Code     0  startup_stm32f40_41xxx.o(.text)
    OTG_FS_WKUP_IRQHandler                   0x080001b7   Thumb Code     0  startup_stm32f40_41xxx.o(.text)
    OTG_HS_EP1_IN_IRQHandler                 0x080001b7   Thumb Code     0  startup_stm32f40_41xxx.o(.text)
    OTG_HS_EP1_OUT_IRQHandler                0x080001b7   Thumb Code     0  startup_stm32f40_41xxx.o(.text)
    OTG_HS_IRQHandler                        0x080001b7   Thumb Code     0  startup_stm32f40_41xxx.o(.text)
    OTG_HS_WKUP_IRQHandler                   0x080001b7   Thumb Code     0  startup_stm32f40_41xxx.o(.text)
    PVD_IRQHandler                           0x080001b7   Thumb Code     0  startup_stm32f40_41xxx.o(.text)
    RCC_IRQHandler                           0x080001b7   Thumb Code     0  startup_stm32f40_41xxx.o(.text)
    RTC_Alarm_IRQHandler                     0x080001b7   Thumb Code     0  startup_stm32f40_41xxx.o(.text)
    RTC_WKUP_IRQHandler                      0x080001b7   Thumb Code     0  startup_stm32f40_41xxx.o(.text)
    SDIO_IRQHandler                          0x080001b7   Thumb Code     0  startup_stm32f40_41xxx.o(.text)
    SPI1_IRQHandler                          0x080001b7   Thumb Code     0  startup_stm32f40_41xxx.o(.text)
    SPI2_IRQHandler                          0x080001b7   Thumb Code     0  startup_stm32f40_41xxx.o(.text)
    SPI3_IRQHandler                          0x080001b7   Thumb Code     0  startup_stm32f40_41xxx.o(.text)
    TAMP_STAMP_IRQHandler                    0x080001b7   Thumb Code     0  startup_stm32f40_41xxx.o(.text)
    TIM1_BRK_TIM9_IRQHandler                 0x080001b7   Thumb Code     0  startup_stm32f40_41xxx.o(.text)
    TIM1_CC_IRQHandler                       0x080001b7   Thumb Code     0  startup_stm32f40_41xxx.o(.text)
    TIM1_TRG_COM_TIM11_IRQHandler            0x080001b7   Thumb Code     0  startup_stm32f40_41xxx.o(.text)
    TIM1_UP_TIM10_IRQHandler                 0x080001b7   Thumb Code     0  startup_stm32f40_41xxx.o(.text)
    TIM2_IRQHandler                          0x080001b7   Thumb Code     0  startup_stm32f40_41xxx.o(.text)
    TIM3_IRQHandler                          0x080001b7   Thumb Code     0  startup_stm32f40_41xxx.o(.text)
    TIM4_IRQHandler                          0x080001b7   Thumb Code     0  startup_stm32f40_41xxx.o(.text)
    TIM6_DAC_IRQHandler                      0x080001b7   Thumb Code     0  startup_stm32f40_41xxx.o(.text)
    TIM7_IRQHandler                          0x080001b7   Thumb Code     0  startup_stm32f40_41xxx.o(.text)
    TIM8_BRK_TIM12_IRQHandler                0x080001b7   Thumb Code     0  startup_stm32f40_41xxx.o(.text)
    TIM8_CC_IRQHandler                       0x080001b7   Thumb Code     0  startup_stm32f40_41xxx.o(.text)
    TIM8_TRG_COM_TIM14_IRQHandler            0x080001b7   Thumb Code     0  startup_stm32f40_41xxx.o(.text)
    TIM8_UP_TIM13_IRQHandler                 0x080001b7   Thumb Code     0  startup_stm32f40_41xxx.o(.text)
    UART4_IRQHandler                         0x080001b7   Thumb Code     0  startup_stm32f40_41xxx.o(.text)
    UART5_IRQHandler                         0x080001b7   Thumb Code     0  startup_stm32f40_41xxx.o(.text)
    WWDG_IRQHandler                          0x080001b7   Thumb Code     0  startup_stm32f40_41xxx.o(.text)
    __aeabi_uidiv                            0x080001c1   Thumb Code     0  uidiv.o(.text)
    __aeabi_uidivmod                         0x080001c1   Thumb Code    44  uidiv.o(.text)
    __scatterload                            0x080001ed   Thumb Code    28  init.o(.text)
    __scatterload_rt2                        0x080001ed   Thumb Code     0  init.o(.text)
    BusFault_Handler                         0x08000211   Thumb Code     4  stm32f4xx_it.o(i.BusFault_Handler)
    CalcCRC16                                0x08000215   Thumb Code    50  app_tcpnet_lib.o(i.CalcCRC16)
    DebugMon_Handler                         0x080002cd   Thumb Code     2  stm32f4xx_it.o(i.DebugMon_Handler)
    ETH_IRQHandler                           0x080002d1   Thumb Code   198  eth_stm32f4xx.o(i.ETH_IRQHandler)
    EXTI9_5_IRQHandler                       0x080003a9   Thumb Code   154  eth_stm32f4xx.o(i.EXTI9_5_IRQHandler)
    EXTI_ClearITPendingBit                   0x08000479   Thumb Code     6  stm32f4xx_exti.o(i.EXTI_ClearITPendingBit)
    EXTI_GetITStatus                         0x08000485   Thumb Code    20  stm32f4xx_exti.o(i.EXTI_GetITStatus)
    EXTI_Init                                0x0800049d   Thumb Code   142  stm32f4xx_exti.o(i.EXTI_Init)
    FLASH_ClearFlag                          0x080005a9   Thumb Code     6  stm32f4xx_flash.o(i.FLASH_ClearFlag)
    FLASH_EraseSector                        0x080005b5   Thumb Code   130  stm32f4xx_flash.o(i.FLASH_EraseSector)
    FLASH_GetStatus                          0x0800063d   Thumb Code    80  stm32f4xx_flash.o(i.FLASH_GetStatus)
    FLASH_If_DisableWriteProtection          0x08000691   Thumb Code    64  bsp_flash_if.o(i.FLASH_If_DisableWriteProtection)
    FLASH_If_EnableWriteProtection           0x080006d5   Thumb Code    66  bsp_flash_if.o(i.FLASH_If_EnableWriteProtection)
    FLASH_If_Erase                           0x08000719   Thumb Code    46  bsp_flash_if.o(i.FLASH_If_Erase)
    FLASH_If_Init                            0x0800074d   Thumb Code    14  bsp_flash_if.o(i.FLASH_If_Init)
    FLASH_If_Write                           0x0800075d   Thumb Code    78  bsp_flash_if.o(i.FLASH_If_Write)
    FLASH_OB_Launch                          0x080007b1   Thumb Code    26  stm32f4xx_flash.o(i.FLASH_OB_Launch)
    FLASH_OB_Unlock                          0x080007d1   Thumb Code    24  stm32f4xx_flash.o(i.FLASH_OB_Unlock)
    FLASH_OB_WRPConfig                       0x080007f5   Thumb Code    46  stm32f4xx_flash.o(i.FLASH_OB_WRPConfig)
    FLASH_ProgramWord                        0x08000829   Thumb Code    74  stm32f4xx_flash.o(i.FLASH_ProgramWord)
    FLASH_Unlock                             0x08000879   Thumb Code    24  stm32f4xx_flash.o(i.FLASH_Unlock)
    FLASH_WaitForLastOperation               0x0800089d   Thumb Code    34  stm32f4xx_flash.o(i.FLASH_WaitForLastOperation)
    FinishPack                               0x080008bf   Thumb Code   202  app_tcpnet_lib.o(i.FinishPack)
    GPIO_Init                                0x08000989   Thumb Code   144  stm32f4xx_gpio.o(i.GPIO_Init)
    GPIO_PinAFConfig                         0x08000a19   Thumb Code    70  stm32f4xx_gpio.o(i.GPIO_PinAFConfig)
    HardFault_Handler                        0x08000b45   Thumb Code    38  stm32f4xx_it.o(i.HardFault_Handler)
    MemManage_Handler                        0x08000f6f   Thumb Code     4  stm32f4xx_it.o(i.MemManage_Handler)
    NMI_Handler                              0x08000f73   Thumb Code     2  stm32f4xx_it.o(i.NMI_Handler)
    NVIC_Init                                0x08000f75   Thumb Code   106  misc.o(i.NVIC_Init)
    NVIC_PriorityGroupConfig                 0x08000fed   Thumb Code    10  misc.o(i.NVIC_PriorityGroupConfig)
    PWR_BackupAccessCmd                      0x08001029   Thumb Code     6  stm32f4xx_pwr.o(i.PWR_BackupAccessCmd)
    ProcessData                              0x08001035   Thumb Code   834  app_tcpnet_lib.o(i.ProcessData)
    ProcessUpCmd                             0x0800137d   Thumb Code  3380  app_tcpnet_lib.o(i.ProcessUpCmd)
    RCC_AHB1PeriphClockCmd                   0x080020b9   Thumb Code    26  stm32f4xx_rcc.o(i.RCC_AHB1PeriphClockCmd)
    RCC_APB1PeriphClockCmd                   0x080020d9   Thumb Code    26  stm32f4xx_rcc.o(i.RCC_APB1PeriphClockCmd)
    RCC_APB2PeriphClockCmd                   0x080020f9   Thumb Code    26  stm32f4xx_rcc.o(i.RCC_APB2PeriphClockCmd)
    RCC_GetClocksFreq                        0x08002119   Thumb Code   214  stm32f4xx_rcc.o(i.RCC_GetClocksFreq)
    RS485_InitTXE                            0x08002201   Thumb Code    46  bsp_uart_fifo.o(i.RS485_InitTXE)
    RS485_ReciveNew                          0x08002235   Thumb Code     2  bsp_uart_fifo.o(i.RS485_ReciveNew)
    RS485_SendBefor                          0x08002239   Thumb Code     8  bsp_uart_fifo.o(i.RS485_SendBefor)
    RS485_SendOver                           0x08002245   Thumb Code     8  bsp_uart_fifo.o(i.RS485_SendOver)
    RTC_ReadBackupRegister                   0x08002251   Thumb Code    26  stm32f4xx_rtc.o(i.RTC_ReadBackupRegister)
    RTC_WriteBackupRegister                  0x08002271   Thumb Code    24  stm32f4xx_rtc.o(i.RTC_WriteBackupRegister)
    SYSCFG_EXTILineConfig                    0x0800228d   Thumb Code    60  stm32f4xx_syscfg.o(i.SYSCFG_EXTILineConfig)
    SendUp                                   0x080022cd   Thumb Code   102  app_tcpnet_lib.o(i.SendUp)
    SysTick_Handler                          0x08002425   Thumb Code     8  bsp_timer.o(i.SysTick_Handler)
    SysTick_ISR                              0x0800242d   Thumb Code   110  bsp_timer.o(i.SysTick_ISR)
    SystemInit                               0x080024b1   Thumb Code    88  system_stm32f4xx.o(i.SystemInit)
    TCP_StatusCheck                          0x08002519   Thumb Code    66  app_tcpnet_lib.o(i.TCP_StatusCheck)
    TCPnetTest                               0x08002579   Thumb Code   220  app_tcpnet_lib.o(i.TCPnetTest)
    TIM5_IRQHandler                          0x08002685   Thumb Code   140  bsp_timer.o(i.TIM5_IRQHandler)
    TIM_ClearITPendingBit                    0x08002725   Thumb Code     6  stm32f4xx_tim.o(i.TIM_ClearITPendingBit)
    TIM_Cmd                                  0x0800272b   Thumb Code    24  stm32f4xx_tim.o(i.TIM_Cmd)
    TIM_GetITStatus                          0x08002743   Thumb Code    34  stm32f4xx_tim.o(i.TIM_GetITStatus)
    TIM_ITConfig                             0x08002765   Thumb Code    18  stm32f4xx_tim.o(i.TIM_ITConfig)
    TIM_TimeBaseInit                         0x08002779   Thumb Code   104  stm32f4xx_tim.o(i.TIM_TimeBaseInit)
    UARTLoop                                 0x080027fd   Thumb Code   312  app_tcpnet_lib.o(i.UARTLoop)
    USART1_IRQHandler                        0x08002939   Thumb Code    10  bsp_uart_fifo.o(i.USART1_IRQHandler)
    USART2_IRQHandler                        0x08002949   Thumb Code    10  bsp_uart_fifo.o(i.USART2_IRQHandler)
    USART3_IRQHandler                        0x08002959   Thumb Code    10  bsp_uart_fifo.o(i.USART3_IRQHandler)
    USART6_IRQHandler                        0x08002969   Thumb Code    10  bsp_uart_fifo.o(i.USART6_IRQHandler)
    USART_ClearFlag                          0x08002979   Thumb Code    18  stm32f4xx_usart.o(i.USART_ClearFlag)
    USART_Cmd                                0x0800298b   Thumb Code    24  stm32f4xx_usart.o(i.USART_Cmd)
    USART_GetFlagStatus                      0x080029a3   Thumb Code    26  stm32f4xx_usart.o(i.USART_GetFlagStatus)
    USART_GetITStatus                        0x080029bd   Thumb Code    84  stm32f4xx_usart.o(i.USART_GetITStatus)
    USART_ITConfig                           0x08002a11   Thumb Code    74  stm32f4xx_usart.o(i.USART_ITConfig)
    USART_Init                               0x08002a5d   Thumb Code   204  stm32f4xx_usart.o(i.USART_Init)
    USART_ReceiveData                        0x08002b31   Thumb Code    10  stm32f4xx_usart.o(i.USART_ReceiveData)
    USART_SendData                           0x08002b3b   Thumb Code     8  stm32f4xx_usart.o(i.USART_SendData)
    UsageFault_Handler                       0x08002d25   Thumb Code     4  stm32f4xx_it.o(i.UsageFault_Handler)
    __0printf$6                              0x08002d29   Thumb Code    22  printf6.o(i.__0printf$6)
    __1printf$6                              0x08002d29   Thumb Code     0  printf6.o(i.__0printf$6)
    __2printf                                0x08002d29   Thumb Code     0  printf6.o(i.__0printf$6)
    __0sprintf$6                             0x08002d49   Thumb Code    34  printf6.o(i.__0sprintf$6)
    __1sprintf$6                             0x08002d49   Thumb Code     0  printf6.o(i.__0sprintf$6)
    __2sprintf                               0x08002d49   Thumb Code     0  printf6.o(i.__0sprintf$6)
    __debug__                                0x08002d71   Thumb Code     2  net_debug.o(i.__debug__)
    __error__                                0x08002d73   Thumb Code     2  net_debug.o(i.__error__)
    __scatterload_copy                       0x08002d75   Thumb Code    14  handlers.o(i.__scatterload_copy)
    __scatterload_null                       0x08002d83   Thumb Code     2  handlers.o(i.__scatterload_null)
    __scatterload_zeroinit                   0x08002d85   Thumb Code    14  handlers.o(i.__scatterload_zeroinit)
    alloc_mem                                0x080030e5   Thumb Code   258  at_mem.o(i.alloc_mem)
    arp_cache_add                            0x08003279   Thumb Code   252  at_arp.o(i.arp_cache_add)
    arp_cache_early                          0x080034a5   Thumb Code   176  at_arp.o(i.arp_cache_early)
    arp_cache_find                           0x08003581   Thumb Code   216  at_arp.o(i.arp_cache_find)
    arp_cache_update                         0x080036dd   Thumb Code   312  at_arp.o(i.arp_cache_update)
    arp_init                                 0x0800389d   Thumb Code    44  at_arp.o(i.arp_init)
    arp_notify                               0x0800391d   Thumb Code    26  at_arp.o(i.arp_notify)
    arp_process                              0x08003a19   Thumb Code   360  at_arp.o(i.arp_process)
    avail_mem                                0x08003dd9   Thumb Code    22  at_mem.o(i.avail_mem)
    bsp_CheckTimer                           0x08003df5   Thumb Code    48  bsp_timer.o(i.bsp_CheckTimer)
    bsp_GetKey                               0x08003ef5   Thumb Code    46  bsp_key.o(i.bsp_GetKey)
    bsp_Init                                 0x08003f29   Thumb Code    28  bsp.o(i.bsp_Init)
    bsp_InitHardTimer                        0x08003f45   Thumb Code    92  bsp_timer.o(i.bsp_InitHardTimer)
    bsp_InitKey                              0x08003fad   Thumb Code    12  bsp_key.o(i.bsp_InitKey)
    bsp_InitLed                              0x0800412d   Thumb Code   112  bsp_led.o(i.bsp_InitLed)
    bsp_InitRtc                              0x080041a9   Thumb Code    18  bsp_led.o(i.bsp_InitRtc)
    bsp_InitTimer                            0x080041c1   Thumb Code   140  bsp_timer.o(i.bsp_InitTimer)
    bsp_InitUart                             0x0800425d   Thumb Code    20  bsp_uart_fifo.o(i.bsp_InitUart)
    bsp_KeyScan                              0x08004271   Thumb Code    22  bsp_key.o(i.bsp_KeyScan)
    bsp_LedOff                               0x08004289   Thumb Code    52  bsp_led.o(i.bsp_LedOff)
    bsp_PutKey                               0x080042c9   Thumb Code    28  bsp_key.o(i.bsp_PutKey)
    bsp_RunPer10ms                           0x080042e9   Thumb Code     8  bsp.o(i.bsp_RunPer10ms)
    bsp_RunPer1ms                            0x080042f1   Thumb Code    22  bsp.o(i.bsp_RunPer1ms)
    bsp_StartAutoTimer                       0x08004329   Thumb Code    84  bsp_timer.o(i.bsp_StartAutoTimer)
    calc_chksum16be                          0x080043c5   Thumb Code    18  at_lib.o(i.calc_chksum16be)
    chksum16_buf                             0x080043d9   Thumb Code    40  at_lib.o(i.chksum16_buf)
    chksum16_val                             0x08004401   Thumb Code    10  at_lib.o(i.chksum16_val)
    eth_chk_adr                              0x08004a2d   Thumb Code    10  at_ethernet.o(i.eth_chk_adr)
    eth_init_link                            0x08004a3d   Thumb Code    48  at_ethernet.o(i.eth_init_link)
    eth_run_link                             0x08004a89   Thumb Code   216  at_ethernet.o(i.eth_run_link)
    eth_send_frame                           0x08004bb1   Thumb Code   192  at_ethernet.o(i.eth_send_frame)
    fputc                                    0x08004cd5   Thumb Code    58  bsp_uart_fifo.o(i.fputc)
    free_mem                                 0x08004d15   Thumb Code   194  at_mem.o(i.free_mem)
    get_rnd32                                0x08004e95   Thumb Code    18  at_system.o(i.get_rnd32)
    icmp_init                                0x08004eb1   Thumb Code    20  at_icmp.o(i.icmp_init)
    icmp_process                             0x08004ed9   Thumb Code   286  at_icmp.o(i.icmp_process)
    icmp_run_engine                          0x08005135   Thumb Code    66  at_icmp.o(i.icmp_run_engine)
    ifree_mem                                0x08005219   Thumb Code    60  at_mem.o(i.ifree_mem)
    igmp_is_member                           0x0800525d   Thumb Code     4  net_config.o(i.igmp_is_member)
    igmp_process                             0x08005261   Thumb Code     2  net_config.o(i.igmp_process)
    init_TcpNet                              0x08005265   Thumb Code    42  at_system.o(i.init_TcpNet)
    init_debug                               0x08005299   Thumb Code     2  net_debug.o(i.init_debug)
    init_ethernet                            0x0800529d   Thumb Code   814  eth_stm32f4xx.o(i.init_ethernet)
    init_mem                                 0x08005709   Thumb Code   110  at_mem.o(i.init_mem)
    init_system                              0x080057b9   Thumb Code    34  net_config.o(i.init_system)
    int_disable_eth                          0x080057dd   Thumb Code    10  eth_stm32f4xx.o(i.int_disable_eth)
    int_enable_eth                           0x080057ed   Thumb Code    10  eth_stm32f4xx.o(i.int_enable_eth)
    ip_chk_frame                             0x080057fd   Thumb Code   244  at_ip.o(i.ip_chk_frame)
    ip_get_locadr                            0x080059c1   Thumb Code   166  at_ip.o(i.ip_get_locadr)
    ip_init                                  0x08005a79   Thumb Code    18  at_ip.o(i.ip_init)
    ip_run_local                             0x08005b25   Thumb Code    82  at_ip.o(i.ip_run_local)
    ip_send_frame                            0x08005b81   Thumb Code   288  at_ip.o(i.ip_send_frame)
    is_subnet                                0x08005cdd   Thumb Code    20  at_lib.o(i.is_subnet)
    main                                     0x08005cf1   Thumb Code    86  main.o(i.main)
    main_TcpNet                              0x08005d59   Thumb Code    92  at_system.o(i.main_TcpNet)
    mem_comp                                 0x08005dc1   Thumb Code    24  at_lib.o(i.mem_comp)
    mem_copy                                 0x08005dd9   Thumb Code    22  at_lib.o(i.mem_copy)
    mem_crc32                                0x08005def   Thumb Code    32  at_lib.o(i.mem_crc32)
    mem_set                                  0x08005e0f   Thumb Code    10  at_lib.o(i.mem_set)
    mem_test                                 0x08005e19   Thumb Code    20  at_lib.o(i.mem_test)
    nbns_init                                0x08005e2d   Thumb Code    48  at_nbns.o(i.nbns_init)
    nrd_u16be                                0x080060f9   Thumb Code    10  at_lib.o(i.nrd_u16be)
    nrd_u32be                                0x08006103   Thumb Code    22  at_lib.o(i.nrd_u32be)
    nwr_u32be                                0x08006119   Thumb Code    16  at_lib.o(i.nwr_u32be)
    ppp_send_frame                           0x08006129   Thumb Code     4  net_config.o(i.ppp_send_frame)
    put_in_queue                             0x0800612d   Thumb Code    36  at_ethernet.o(i.put_in_queue)
    resize_mem                               0x0800618d   Thumb Code    86  at_mem.o(i.resize_mem)
    run_system                               0x08006221   Thumb Code    22  net_config.o(i.run_system)
    send_frame                               0x080062a5   Thumb Code   114  eth_stm32f4xx.o(i.send_frame)
    slip_send_frame                          0x08006325   Thumb Code     4  net_config.o(i.slip_send_frame)
    str_up_case                              0x08006329   Thumb Code    26  at_lib.o(i.str_up_case)
    sys_error                                0x08006343   Thumb Code    36  net_config.o(i.sys_error)
    tcp_callback                             0x08006369   Thumb Code   146  app_tcpnet_lib.o(i.tcp_callback)
    tcp_check_send                           0x080064a9   Thumb Code    72  at_tcp.o(i.tcp_check_send)
    tcp_close                                0x08006545   Thumb Code   190  at_tcp.o(i.tcp_close)
    tcp_get_buf                              0x08006675   Thumb Code    42  at_tcp.o(i.tcp_get_buf)
    tcp_get_socket                           0x080066b9   Thumb Code   102  at_tcp.o(i.tcp_get_socket)
    tcp_get_state                            0x080067a9   Thumb Code    32  at_tcp.o(i.tcp_get_state)
    tcp_init                                 0x080067cd   Thumb Code    44  at_tcp.o(i.tcp_init)
    tcp_listen                               0x08006821   Thumb Code   146  at_tcp.o(i.tcp_listen)
    tcp_max_dsize                            0x08006a69   Thumb Code    30  at_tcp.o(i.tcp_max_dsize)
    tcp_poll_sockets                         0x08006b35   Thumb Code   764  at_tcp.o(i.tcp_poll_sockets)
    tcp_process                              0x08007199   Thumb Code  2216  at_tcp.o(i.tcp_process)
    tcp_send                                 0x08007d7d   Thumb Code   282  at_tcp.o(i.tcp_send)
    tcpnet_poll                              0x080082b9   Thumb Code    20  app_tcpnet_lib.o(i.tcpnet_poll)
    timer_tick                               0x080082cd   Thumb Code    14  at_system.o(i.timer_tick)
    udp_get_buf                              0x08008345   Thumb Code    42  at_udp.o(i.udp_get_buf)
    udp_get_socket                           0x08008389   Thumb Code    92  at_udp.o(i.udp_get_socket)
    udp_init                                 0x0800846d   Thumb Code    34  at_udp.o(i.udp_init)
    udp_open                                 0x080084a9   Thumb Code   142  at_udp.o(i.udp_open)
    udp_process                              0x080085fd   Thumb Code   236  at_udp.o(i.udp_process)
    udp_send                                 0x08008781   Thumb Code   364  at_udp.o(i.udp_send)
    nlocalm                                  0x08008a0c   Data          60  net_config.o(.constdata)
    sys_config                               0x08008a48   Data          16  net_config.o(.constdata)
    arp_config                               0x08008a58   Data          12  net_config.o(.constdata)
    udp_config                               0x08008a64   Data           8  net_config.o(.constdata)
    tcp_config                               0x08008a6c   Data          24  net_config.o(.constdata)
    auchCRCHi                                0x08008a84   Data         256  app_tcpnet_lib.o(.constdata)
    auchCRCLo                                0x08008b84   Data         256  app_tcpnet_lib.o(.constdata)
    IP_Broadcast                             0x08008d02   Data           4  at_ip.o(.constdata)
    MAC_Broadcast                            0x08008d46   Data           6  at_ethernet.o(.constdata)
    Region$$Table$$Base                      0x08008de8   Number         0  anon$$obj.o(Region$$Table)
    Region$$Table$$Limit                     0x08008e08   Number         0  anon$$obj.o(Region$$Table)
    LocalTime                                0x20000000   Data           4  main.o(.data)
    JumpAddress                              0x20000004   Data           4  main.o(.data)
    Jump_To_Application                      0x20000008   Data           4  main.o(.data)
    lhost_name                               0x2000000c   Data          16  net_config.o(.data)
    own_hw_adr                               0x2000001c   Data           6  net_config.o(.data)
    socket_tcp                               0x20000022   Data           1  app_tcpnet_lib.o(.data)
    bOK                                      0x20000023   Data           1  app_tcpnet_lib.o(.data)
    btValue                                  0x20000024   Data           5  app_tcpnet_lib.o(.data)
    g_iRunTime                               0x20000034   Data           4  bsp_timer.o(.data)
    SystemCoreClock                          0x2000005c   Data           4  system_stm32f4xx.o(.data)
    AHBPrescTable                            0x20000060   Data          16  system_stm32f4xx.o(.data)
    g_ucEthLinkStatus                        0x20000070   Data           1  eth_stm32f4xx.o(.data)
    __stdout                                 0x200000bc   Data           4  stdout.o(.data)
    gGlobal                                  0x200021ec   Data          22  app_tcpnet_lib.o(.bss)
    gComSet                                  0x20002202   Data        5128  app_tcpnet_lib.o(.bss)
    RecvPack                                 0x2000360a   Data         258  app_tcpnet_lib.o(.bss)
    SendPack                                 0x2000370c   Data         258  app_tcpnet_lib.o(.bss)
    Data                                     0x2000380e   Data         200  app_tcpnet_lib.o(.bss)
    localm                                   0x20007f5c   Data          60  at_system.o(.bss)
    sys_control                              0x20007f98   Data          16  at_system.o(.bss)
    __initial_sp                             0x20008fb8   Data           0  startup_stm32f40_41xxx.o(STACK)



==============================================================================

Memory Map of the image

  Image Entry point : 0x08000189

  Load Region LR_IROM1 (Base: 0x08000000, Size: 0x00008ec8, Max: 0x00100000, ABSOLUTE)

    Execution Region ER_IROM1 (Base: 0x08000000, Size: 0x00008e08, Max: 0x00100000, ABSOLUTE)

    Base Addr    Size         Type   Attr      Idx    E Section Name        Object

    0x08000000   0x00000188   Data   RO         1131    RESET               startup_stm32f40_41xxx.o
    0x08000188   0x00000000   Code   RO         3646  * .ARM.Collect$$$$00000000  mc_w.l(entry.o)
    0x08000188   0x00000004   Code   RO         3912    .ARM.Collect$$$$00000001  mc_w.l(entry2.o)
    0x0800018c   0x00000004   Code   RO         3915    .ARM.Collect$$$$00000004  mc_w.l(entry5.o)
    0x08000190   0x00000000   Code   RO         3917    .ARM.Collect$$$$00000008  mc_w.l(entry7b.o)
    0x08000190   0x00000000   Code   RO         3919    .ARM.Collect$$$$0000000A  mc_w.l(entry8b.o)
    0x08000190   0x00000008   Code   RO         3920    .ARM.Collect$$$$0000000B  mc_w.l(entry9a.o)
    0x08000198   0x00000000   Code   RO         3922    .ARM.Collect$$$$0000000D  mc_w.l(entry10a.o)
    0x08000198   0x00000000   Code   RO         3924    .ARM.Collect$$$$0000000F  mc_w.l(entry11a.o)
    0x08000198   0x00000004   Code   RO         3913    .ARM.Collect$$$$00002712  mc_w.l(entry2.o)
    0x0800019c   0x00000024   Code   RO         1132    .text               startup_stm32f40_41xxx.o
    0x080001c0   0x0000002c   Code   RO         3927    .text               mc_w.l(uidiv.o)
    0x080001ec   0x00000024   Code   RO         3942    .text               mc_w.l(init.o)
    0x08000210   0x00000004   Code   RO          756    i.BusFault_Handler  stm32f4xx_it.o
    0x08000214   0x0000003c   Code   RO          284    i.CalcCRC16         app_tcpnet_lib.o
    0x08000250   0x0000007c   Code   RO          815    i.ConfigUartNVIC    bsp_uart_fifo.o
    0x080002cc   0x00000002   Code   RO          757    i.DebugMon_Handler  stm32f4xx_it.o
    0x080002ce   0x00000002   PAD
    0x080002d0   0x000000d8   Code   RO         3282    i.ETH_IRQHandler    eth_stm32f4xx.o
    0x080003a8   0x000000d0   Code   RO         3283    i.EXTI9_5_IRQHandler  eth_stm32f4xx.o
    0x08000478   0x0000000c   Code   RO         3002    i.EXTI_ClearITPendingBit  stm32f4xx_exti.o
    0x08000484   0x00000018   Code   RO         3006    i.EXTI_GetITStatus  stm32f4xx_exti.o
    0x0800049c   0x00000094   Code   RO         3007    i.EXTI_Init         stm32f4xx_exti.o
    0x08000530   0x00000078   Code   RO         3284    i.Eth_Link_EXTIConfig  eth_stm32f4xx.o
    0x080005a8   0x0000000c   Code   RO         1139    i.FLASH_ClearFlag   stm32f4xx_flash.o
    0x080005b4   0x00000088   Code   RO         1145    i.FLASH_EraseSector  stm32f4xx_flash.o
    0x0800063c   0x00000054   Code   RO         1147    i.FLASH_GetStatus   stm32f4xx_flash.o
    0x08000690   0x00000044   Code   RO         1025    i.FLASH_If_DisableWriteProtection  bsp_flash_if.o
    0x080006d4   0x00000042   Code   RO         1026    i.FLASH_If_EnableWriteProtection  bsp_flash_if.o
    0x08000716   0x00000002   PAD
    0x08000718   0x00000034   Code   RO         1027    i.FLASH_If_Erase    bsp_flash_if.o
    0x0800074c   0x0000000e   Code   RO         1029    i.FLASH_If_Init     bsp_flash_if.o
    0x0800075a   0x00000002   PAD
    0x0800075c   0x00000054   Code   RO         1030    i.FLASH_If_Write    bsp_flash_if.o
    0x080007b0   0x00000020   Code   RO         1161    i.FLASH_OB_Launch   stm32f4xx_flash.o
    0x080007d0   0x00000024   Code   RO         1167    i.FLASH_OB_Unlock   stm32f4xx_flash.o
    0x080007f4   0x00000034   Code   RO         1170    i.FLASH_OB_WRPConfig  stm32f4xx_flash.o
    0x08000828   0x00000050   Code   RO         1175    i.FLASH_ProgramWord  stm32f4xx_flash.o
    0x08000878   0x00000024   Code   RO         1177    i.FLASH_Unlock      stm32f4xx_flash.o
    0x0800089c   0x00000022   Code   RO         1178    i.FLASH_WaitForLastOperation  stm32f4xx_flash.o
    0x080008be   0x000000ca   Code   RO          285    i.FinishPack        app_tcpnet_lib.o
    0x08000988   0x00000090   Code   RO         2142    i.GPIO_Init         stm32f4xx_gpio.o
    0x08000a18   0x00000046   Code   RO         2143    i.GPIO_PinAFConfig  stm32f4xx_gpio.o
    0x08000a5e   0x00000002   PAD
    0x08000a60   0x000000e4   Code   RO         1031    i.GetSector         bsp_flash_if.o
    0x08000b44   0x00000058   Code   RO          758    i.HardFault_Handler  stm32f4xx_it.o
    0x08000b9c   0x000002e4   Code   RO          816    i.InitHardUart      bsp_uart_fifo.o
    0x08000e80   0x00000018   Code   RO          445    i.IsKeyDown1        bsp_key.o
    0x08000e98   0x00000016   Code   RO          446    i.IsKeyDown10       bsp_key.o
    0x08000eae   0x00000002   PAD
    0x08000eb0   0x00000018   Code   RO          447    i.IsKeyDown2        bsp_key.o
    0x08000ec8   0x00000018   Code   RO          448    i.IsKeyDown3        bsp_key.o
    0x08000ee0   0x00000018   Code   RO          449    i.IsKeyDown4        bsp_key.o
    0x08000ef8   0x00000018   Code   RO          450    i.IsKeyDown5        bsp_key.o
    0x08000f10   0x00000018   Code   RO          451    i.IsKeyDown6        bsp_key.o
    0x08000f28   0x00000018   Code   RO          452    i.IsKeyDown7        bsp_key.o
    0x08000f40   0x00000018   Code   RO          453    i.IsKeyDown8        bsp_key.o
    0x08000f58   0x00000016   Code   RO          454    i.IsKeyDown9        bsp_key.o
    0x08000f6e   0x00000004   Code   RO          759    i.MemManage_Handler  stm32f4xx_it.o
    0x08000f72   0x00000002   Code   RO          760    i.NMI_Handler       stm32f4xx_it.o
    0x08000f74   0x00000078   Code   RO         1755    i.NVIC_Init         misc.o
    0x08000fec   0x00000014   Code   RO         1756    i.NVIC_PriorityGroupConfig  misc.o
    0x08001000   0x00000028   Code   RO          286    i.NVIC_SystemReset  app_tcpnet_lib.o
    0x08001028   0x0000000c   Code   RO         3127    i.PWR_BackupAccessCmd  stm32f4xx_pwr.o
    0x08001034   0x00000348   Code   RO          287    i.ProcessData       app_tcpnet_lib.o
    0x0800137c   0x00000d3c   Code   RO          288    i.ProcessUpCmd      app_tcpnet_lib.o
    0x080020b8   0x00000020   Code   RO         1803    i.RCC_AHB1PeriphClockCmd  stm32f4xx_rcc.o
    0x080020d8   0x00000020   Code   RO         1812    i.RCC_APB1PeriphClockCmd  stm32f4xx_rcc.o
    0x080020f8   0x00000020   Code   RO         1815    i.RCC_APB2PeriphClockCmd  stm32f4xx_rcc.o
    0x08002118   0x000000e8   Code   RO         1824    i.RCC_GetClocksFreq  stm32f4xx_rcc.o
    0x08002200   0x00000034   Code   RO          817    i.RS485_InitTXE     bsp_uart_fifo.o
    0x08002234   0x00000002   Code   RO          818    i.RS485_ReciveNew   bsp_uart_fifo.o
    0x08002236   0x00000002   PAD
    0x08002238   0x0000000c   Code   RO          819    i.RS485_SendBefor   bsp_uart_fifo.o
    0x08002244   0x0000000c   Code   RO          821    i.RS485_SendOver    bsp_uart_fifo.o
    0x08002250   0x00000020   Code   RO         1429    i.RTC_ReadBackupRegister  stm32f4xx_rtc.o
    0x08002270   0x0000001c   Code   RO         1452    i.RTC_WriteBackupRegister  stm32f4xx_rtc.o
    0x0800228c   0x00000040   Code   RO         3070    i.SYSCFG_EXTILineConfig  stm32f4xx_syscfg.o
    0x080022cc   0x0000006c   Code   RO          289    i.SendUp            app_tcpnet_lib.o
    0x08002338   0x000000ec   Code   RO         3241    i.SetSysClock       system_stm32f4xx.o
    0x08002424   0x00000008   Code   RO          632    i.SysTick_Handler   bsp_timer.o
    0x0800242c   0x00000084   Code   RO          633    i.SysTick_ISR       bsp_timer.o
    0x080024b0   0x00000068   Code   RO         3243    i.SystemInit        system_stm32f4xx.o
    0x08002518   0x00000060   Code   RO          290    i.TCP_StatusCheck   app_tcpnet_lib.o
    0x08002578   0x0000010c   Code   RO          291    i.TCPnetTest        app_tcpnet_lib.o
    0x08002684   0x000000a0   Code   RO          634    i.TIM5_IRQHandler   bsp_timer.o
    0x08002724   0x00000006   Code   RO         2446    i.TIM_ClearITPendingBit  stm32f4xx_tim.o
    0x0800272a   0x00000018   Code   RO         2451    i.TIM_Cmd           stm32f4xx_tim.o
    0x08002742   0x00000022   Code   RO         2472    i.TIM_GetITStatus   stm32f4xx_tim.o
    0x08002764   0x00000012   Code   RO         2476    i.TIM_ITConfig      stm32f4xx_tim.o
    0x08002776   0x00000002   PAD
    0x08002778   0x00000084   Code   RO         2523    i.TIM_TimeBaseInit  stm32f4xx_tim.o
    0x080027fc   0x0000013c   Code   RO          292    i.UARTLoop          app_tcpnet_lib.o
    0x08002938   0x00000010   Code   RO          824    i.USART1_IRQHandler  bsp_uart_fifo.o
    0x08002948   0x00000010   Code   RO          825    i.USART2_IRQHandler  bsp_uart_fifo.o
    0x08002958   0x00000010   Code   RO          826    i.USART3_IRQHandler  bsp_uart_fifo.o
    0x08002968   0x00000010   Code   RO          827    i.USART6_IRQHandler  bsp_uart_fifo.o
    0x08002978   0x00000012   Code   RO         2243    i.USART_ClearFlag   stm32f4xx_usart.o
    0x0800298a   0x00000018   Code   RO         2247    i.USART_Cmd         stm32f4xx_usart.o
    0x080029a2   0x0000001a   Code   RO         2250    i.USART_GetFlagStatus  stm32f4xx_usart.o
    0x080029bc   0x00000054   Code   RO         2251    i.USART_GetITStatus  stm32f4xx_usart.o
    0x08002a10   0x0000004a   Code   RO         2253    i.USART_ITConfig    stm32f4xx_usart.o
    0x08002a5a   0x00000002   PAD
    0x08002a5c   0x000000d4   Code   RO         2254    i.USART_Init        stm32f4xx_usart.o
    0x08002b30   0x0000000a   Code   RO         2261    i.USART_ReceiveData  stm32f4xx_usart.o
    0x08002b3a   0x00000008   Code   RO         2264    i.USART_SendData    stm32f4xx_usart.o
    0x08002b42   0x000000e6   Code   RO          830    i.UartIRQ           bsp_uart_fifo.o
    0x08002c28   0x000000fc   Code   RO          832    i.UartVarInit       bsp_uart_fifo.o
    0x08002d24   0x00000004   Code   RO          761    i.UsageFault_Handler  stm32f4xx_it.o
    0x08002d28   0x00000020   Code   RO         3806    i.__0printf$6       mc_w.l(printf6.o)
    0x08002d48   0x00000028   Code   RO         3808    i.__0sprintf$6      mc_w.l(printf6.o)
    0x08002d70   0x00000002   Code   RO          247    i.__debug__         net_debug.o
    0x08002d72   0x00000002   Code   RO          248    i.__error__         net_debug.o
    0x08002d74   0x0000000e   Code   RO         3954    i.__scatterload_copy  mc_w.l(handlers.o)
    0x08002d82   0x00000002   Code   RO         3955    i.__scatterload_null  mc_w.l(handlers.o)
    0x08002d84   0x0000000e   Code   RO         3956    i.__scatterload_zeroinit  mc_w.l(handlers.o)
    0x08002d92   0x00000006   Code   RO          635    i.__set_PRIMASK     bsp_timer.o
    0x08002d98   0x000002f0   Code   RO         3813    i._printf_core      mc_w.l(printf6.o)
    0x08003088   0x00000024   Code   RO         3814    i._printf_post_padding  mc_w.l(printf6.o)
    0x080030ac   0x0000002e   Code   RO         3815    i._printf_pre_padding  mc_w.l(printf6.o)
    0x080030da   0x0000000a   Code   RO         3817    i._sputc            mc_w.l(printf6.o)
    0x080030e4   0x00000194   Code   RO         3568    i.alloc_mem         TCPD_CM3.lib(at_mem.o)
    0x08003278   0x00000178   Code   RO         3375    i.arp_cache_add     TCPD_CM3.lib(at_arp.o)
    0x080033f0   0x000000b4   Code   RO         3376    i.arp_cache_alloc   TCPD_CM3.lib(at_arp.o)
    0x080034a4   0x000000dc   Code   RO         3377    i.arp_cache_early   TCPD_CM3.lib(at_arp.o)
    0x08003580   0x0000015c   Code   RO         3378    i.arp_cache_find    TCPD_CM3.lib(at_arp.o)
    0x080036dc   0x000001c0   Code   RO         3381    i.arp_cache_update  TCPD_CM3.lib(at_arp.o)
    0x0800389c   0x0000004c   Code   RO         3384    i.arp_init          TCPD_CM3.lib(at_arp.o)
    0x080038e8   0x00000034   Code   RO         3385    i.arp_is_cacheable  TCPD_CM3.lib(at_arp.o)
    0x0800391c   0x00000028   Code   RO         3386    i.arp_notify        TCPD_CM3.lib(at_arp.o)
    0x08003944   0x000000d4   Code   RO         3388    i.arp_proc_response  TCPD_CM3.lib(at_arp.o)
    0x08003a18   0x0000022c   Code   RO         3389    i.arp_process       TCPD_CM3.lib(at_arp.o)
    0x08003c44   0x000000bc   Code   RO         3390    i.arp_send_reply    TCPD_CM3.lib(at_arp.o)
    0x08003d00   0x000000d8   Code   RO         3391    i.arp_send_request  TCPD_CM3.lib(at_arp.o)
    0x08003dd8   0x0000001c   Code   RO         3569    i.avail_mem         TCPD_CM3.lib(at_mem.o)
    0x08003df4   0x00000034   Code   RO          637    i.bsp_CheckTimer    bsp_timer.o
    0x08003e28   0x000000cc   Code   RO          456    i.bsp_DetectKey     bsp_key.o
    0x08003ef4   0x00000034   Code   RO          457    i.bsp_GetKey        bsp_key.o
    0x08003f28   0x0000001c   Code   RO          403    i.bsp_Init          bsp.o
    0x08003f44   0x00000068   Code   RO          641    i.bsp_InitHardTimer  bsp_timer.o
    0x08003fac   0x0000000c   Code   RO          460    i.bsp_InitKey       bsp_key.o
    0x08003fb8   0x000000a0   Code   RO          461    i.bsp_InitKeyHard   bsp_key.o
    0x08004058   0x000000d4   Code   RO          462    i.bsp_InitKeyVar    bsp_key.o
    0x0800412c   0x0000007c   Code   RO          578    i.bsp_InitLed       bsp_led.o
    0x080041a8   0x00000018   Code   RO          579    i.bsp_InitRtc       bsp_led.o
    0x080041c0   0x0000009c   Code   RO          642    i.bsp_InitTimer     bsp_timer.o
    0x0800425c   0x00000014   Code   RO          834    i.bsp_InitUart      bsp_uart_fifo.o
    0x08004270   0x00000016   Code   RO          463    i.bsp_KeyScan       bsp_key.o
    0x08004286   0x00000002   PAD
    0x08004288   0x00000040   Code   RO          581    i.bsp_LedOff        bsp_led.o
    0x080042c8   0x00000020   Code   RO          464    i.bsp_PutKey        bsp_key.o
    0x080042e8   0x00000008   Code   RO          404    i.bsp_RunPer10ms    bsp.o
    0x080042f0   0x0000001c   Code   RO          405    i.bsp_RunPer1ms     bsp.o
    0x0800430c   0x0000001c   Code   RO          643    i.bsp_SoftTimerDec  bsp_timer.o
    0x08004328   0x0000009c   Code   RO          644    i.bsp_StartAutoTimer  bsp_timer.o
    0x080043c4   0x00000012   Code   RO         3599    i.calc_chksum16be   TCPD_CM3.lib(at_lib.o)
    0x080043d6   0x00000002   PAD
    0x080043d8   0x00000028   Code   RO         3600    i.chksum16_buf      TCPD_CM3.lib(at_lib.o)
    0x08004400   0x0000000a   Code   RO         3601    i.chksum16_val      TCPD_CM3.lib(at_lib.o)
    0x0800440a   0x00000002   PAD
    0x0800440c   0x00000074   Code   RO         3392    i.debug_inf2        TCPD_CM3.lib(at_arp.o)
    0x08004480   0x00000124   Code   RO         3446    i.debug_inf2        TCPD_CM3.lib(at_tcp.o)
    0x080045a4   0x00000144   Code   RO         3393    i.debug_info        TCPD_CM3.lib(at_arp.o)
    0x080046e8   0x000000fc   Code   RO         3415    i.debug_info        TCPD_CM3.lib(at_ip.o)
    0x080047e4   0x00000070   Code   RO         3433    i.debug_info        TCPD_CM3.lib(at_icmp.o)
    0x08004854   0x00000040   Code   RO         3447    i.debug_info        TCPD_CM3.lib(at_tcp.o)
    0x08004894   0x0000008c   Code   RO         3519    i.debug_info        TCPD_CM3.lib(at_udp.o)
    0x08004920   0x0000010c   Code   RO         3552    i.debug_info        TCPD_CM3.lib(at_ethernet.o)
    0x08004a2c   0x00000010   Code   RO         3553    i.eth_chk_adr       TCPD_CM3.lib(at_ethernet.o)
    0x08004a3c   0x0000004c   Code   RO         3555    i.eth_init_link     TCPD_CM3.lib(at_ethernet.o)
    0x08004a88   0x00000128   Code   RO         3556    i.eth_run_link      TCPD_CM3.lib(at_ethernet.o)
    0x08004bb0   0x00000124   Code   RO         3557    i.eth_send_frame    TCPD_CM3.lib(at_ethernet.o)
    0x08004cd4   0x00000040   Code   RO          842    i.fputc             bsp_uart_fifo.o
    0x08004d14   0x00000158   Code   RO         3570    i.free_mem          TCPD_CM3.lib(at_mem.o)
    0x08004e6c   0x00000028   Code   RO         3603    i.get_crc32         TCPD_CM3.lib(at_lib.o)
    0x08004e94   0x0000001c   Code   RO         3584    i.get_rnd32         TCPD_CM3.lib(at_system.o)
    0x08004eb0   0x00000028   Code   RO         3434    i.icmp_init         TCPD_CM3.lib(at_icmp.o)
    0x08004ed8   0x0000025c   Code   RO         3436    i.icmp_process      TCPD_CM3.lib(at_icmp.o)
    0x08005134   0x0000006c   Code   RO         3437    i.icmp_run_engine   TCPD_CM3.lib(at_icmp.o)
    0x080051a0   0x00000078   Code   RO         3438    i.icmp_send_message  TCPD_CM3.lib(at_icmp.o)
    0x08005218   0x00000044   Code   RO         3571    i.ifree_mem         TCPD_CM3.lib(at_mem.o)
    0x0800525c   0x00000004   Code   RO          174    i.igmp_is_member    net_config.o
    0x08005260   0x00000002   Code   RO          175    i.igmp_process      net_config.o
    0x08005262   0x00000002   PAD
    0x08005264   0x00000034   Code   RO         3585    i.init_TcpNet       TCPD_CM3.lib(at_system.o)
    0x08005298   0x00000002   Code   RO          249    i.init_debug        net_debug.o
    0x0800529a   0x00000002   PAD
    0x0800529c   0x0000046c   Code   RO         3285    i.init_ethernet     eth_stm32f4xx.o
    0x08005708   0x000000b0   Code   RO         3572    i.init_mem          TCPD_CM3.lib(at_mem.o)
    0x080057b8   0x00000022   Code   RO          176    i.init_system       net_config.o
    0x080057da   0x00000002   PAD
    0x080057dc   0x00000010   Code   RO         3286    i.int_disable_eth   eth_stm32f4xx.o
    0x080057ec   0x00000010   Code   RO         3287    i.int_enable_eth    eth_stm32f4xx.o
    0x080057fc   0x000001b8   Code   RO         3416    i.ip_chk_frame      TCPD_CM3.lib(at_ip.o)
    0x080059b4   0x0000000a   Code   RO         3417    i.ip_get_chksum     TCPD_CM3.lib(at_ip.o)
    0x080059be   0x00000002   PAD
    0x080059c0   0x000000b8   Code   RO         3418    i.ip_get_locadr     TCPD_CM3.lib(at_ip.o)
    0x08005a78   0x00000028   Code   RO         3419    i.ip_init           TCPD_CM3.lib(at_ip.o)
    0x08005aa0   0x00000084   Code   RO         3420    i.ip_loopback       TCPD_CM3.lib(at_ip.o)
    0x08005b24   0x0000005c   Code   RO         3421    i.ip_run_local      TCPD_CM3.lib(at_ip.o)
    0x08005b80   0x0000015c   Code   RO         3422    i.ip_send_frame     TCPD_CM3.lib(at_ip.o)
    0x08005cdc   0x00000014   Code   RO         3604    i.is_subnet         TCPD_CM3.lib(at_lib.o)
    0x08005cf0   0x00000068   Code   RO            4    i.main              main.o
    0x08005d58   0x00000068   Code   RO         3586    i.main_TcpNet       TCPD_CM3.lib(at_system.o)
    0x08005dc0   0x00000018   Code   RO         3605    i.mem_comp          TCPD_CM3.lib(at_lib.o)
    0x08005dd8   0x00000016   Code   RO         3606    i.mem_copy          TCPD_CM3.lib(at_lib.o)
    0x08005dee   0x00000020   Code   RO         3607    i.mem_crc32         TCPD_CM3.lib(at_lib.o)
    0x08005e0e   0x0000000a   Code   RO         3609    i.mem_set           TCPD_CM3.lib(at_lib.o)
    0x08005e18   0x00000014   Code   RO         3610    i.mem_test          TCPD_CM3.lib(at_lib.o)
    0x08005e2c   0x00000068   Code   RO         3546    i.nbns_init         TCPD_CM3.lib(at_nbns.o)
    0x08005e94   0x00000264   Code   RO         3547    i.nbns_listener     TCPD_CM3.lib(at_nbns.o)
    0x080060f8   0x0000000a   Code   RO         3611    i.nrd_u16be         TCPD_CM3.lib(at_lib.o)
    0x08006102   0x00000016   Code   RO         3612    i.nrd_u32be         TCPD_CM3.lib(at_lib.o)
    0x08006118   0x00000010   Code   RO         3614    i.nwr_u32be         TCPD_CM3.lib(at_lib.o)
    0x08006128   0x00000004   Code   RO          177    i.ppp_send_frame    net_config.o
    0x0800612c   0x00000028   Code   RO         3558    i.put_in_queue      TCPD_CM3.lib(at_ethernet.o)
    0x08006154   0x00000038   Code   RO         3288    i.read_PHY          eth_stm32f4xx.o
    0x0800618c   0x00000094   Code   RO         3573    i.resize_mem        TCPD_CM3.lib(at_mem.o)
    0x08006220   0x00000016   Code   RO          178    i.run_system        net_config.o
    0x08006236   0x00000002   PAD
    0x08006238   0x0000006c   Code   RO         3289    i.rx_descr_init     eth_stm32f4xx.o
    0x080062a4   0x00000080   Code   RO         3290    i.send_frame        eth_stm32f4xx.o
    0x08006324   0x00000004   Code   RO          179    i.slip_send_frame   net_config.o
    0x08006328   0x0000001a   Code   RO         3620    i.str_up_case       TCPD_CM3.lib(at_lib.o)
    0x08006342   0x00000024   Code   RO          181    i.sys_error         net_config.o
    0x08006366   0x00000002   PAD
    0x08006368   0x00000140   Code   RO          293    i.tcp_callback      app_tcpnet_lib.o
    0x080064a8   0x0000009c   Code   RO         3449    i.tcp_check_send    TCPD_CM3.lib(at_tcp.o)
    0x08006544   0x00000130   Code   RO         3450    i.tcp_close         TCPD_CM3.lib(at_tcp.o)
    0x08006674   0x00000044   Code   RO         3453    i.tcp_get_buf       TCPD_CM3.lib(at_tcp.o)
    0x080066b8   0x000000f0   Code   RO         3455    i.tcp_get_socket    TCPD_CM3.lib(at_tcp.o)
    0x080067a8   0x00000024   Code   RO         3456    i.tcp_get_state     TCPD_CM3.lib(at_tcp.o)
    0x080067cc   0x00000054   Code   RO         3457    i.tcp_init          TCPD_CM3.lib(at_tcp.o)
    0x08006820   0x00000138   Code   RO         3459    i.tcp_listen        TCPD_CM3.lib(at_tcp.o)
    0x08006958   0x00000110   Code   RO         3460    i.tcp_map_socket    TCPD_CM3.lib(at_tcp.o)
    0x08006a68   0x00000024   Code   RO         3461    i.tcp_max_dsize     TCPD_CM3.lib(at_tcp.o)
    0x08006a8c   0x000000a8   Code   RO         3463    i.tcp_parse_opt     TCPD_CM3.lib(at_tcp.o)
    0x08006b34   0x00000488   Code   RO         3464    i.tcp_poll_sockets  TCPD_CM3.lib(at_tcp.o)
    0x08006fbc   0x00000110   Code   RO         3465    i.tcp_proc_acknr    TCPD_CM3.lib(at_tcp.o)
    0x080070cc   0x000000cc   Code   RO         3466    i.tcp_proc_dupack   TCPD_CM3.lib(at_tcp.o)
    0x08007198   0x00000acc   Code   RO         3467    i.tcp_process       TCPD_CM3.lib(at_tcp.o)
    0x08007c64   0x0000001a   Code   RO         3468    i.tcp_que_free      TCPD_CM3.lib(at_tcp.o)
    0x08007c7e   0x0000001a   Code   RO         3469    i.tcp_que_init      TCPD_CM3.lib(at_tcp.o)
    0x08007c98   0x000000e4   Code   RO         3470    i.tcp_que_resend    TCPD_CM3.lib(at_tcp.o)
    0x08007d7c   0x00000238   Code   RO         3474    i.tcp_send          TCPD_CM3.lib(at_tcp.o)
    0x08007fb4   0x00000090   Code   RO         3475    i.tcp_send_ctrl     TCPD_CM3.lib(at_tcp.o)
    0x08008044   0x0000007c   Code   RO         3476    i.tcp_send_data     TCPD_CM3.lib(at_tcp.o)
    0x080080c0   0x00000080   Code   RO         3477    i.tcp_send_reset    TCPD_CM3.lib(at_tcp.o)
    0x08008140   0x00000044   Code   RO         3478    i.tcp_set_cwnd      TCPD_CM3.lib(at_tcp.o)
    0x08008184   0x00000068   Code   RO         3479    i.tcp_transit       TCPD_CM3.lib(at_tcp.o)
    0x080081ec   0x000000cc   Code   RO         3480    i.tcp_write         TCPD_CM3.lib(at_tcp.o)
    0x080082b8   0x00000014   Code   RO          294    i.tcpnet_poll       app_tcpnet_lib.o
    0x080082cc   0x00000014   Code   RO         3587    i.timer_tick        TCPD_CM3.lib(at_system.o)
    0x080082e0   0x00000064   Code   RO         3291    i.tx_descr_init     eth_stm32f4xx.o
    0x08008344   0x00000044   Code   RO         3522    i.udp_get_buf       TCPD_CM3.lib(at_udp.o)
    0x08008388   0x000000e4   Code   RO         3523    i.udp_get_socket    TCPD_CM3.lib(at_udp.o)
    0x0800846c   0x0000003c   Code   RO         3524    i.udp_init          TCPD_CM3.lib(at_udp.o)
    0x080084a8   0x00000128   Code   RO         3527    i.udp_open          TCPD_CM3.lib(at_udp.o)
    0x080085d0   0x0000002c   Code   RO         3528    i.udp_port_in_use   TCPD_CM3.lib(at_udp.o)
    0x080085fc   0x00000184   Code   RO         3529    i.udp_process       TCPD_CM3.lib(at_udp.o)
    0x08008780   0x00000258   Code   RO         3531    i.udp_send          TCPD_CM3.lib(at_udp.o)
    0x080089d8   0x00000034   Code   RO         3292    i.write_PHY         eth_stm32f4xx.o
    0x08008a0c   0x00000078   Data   RO          183    .constdata          net_config.o
    0x08008a84   0x00000200   Data   RO          296    .constdata          app_tcpnet_lib.o
    0x08008c84   0x00000030   Data   RO          649    .constdata          bsp_timer.o
    0x08008cb4   0x0000004e   Data   RO         3394    .constdata          TCPD_CM3.lib(at_arp.o)
    0x08008d02   0x00000020   Data   RO         3423    .constdata          TCPD_CM3.lib(at_ip.o)
    0x08008d22   0x00000018   Data   RO         3481    .constdata          TCPD_CM3.lib(at_tcp.o)
    0x08008d3a   0x00000008   Data   RO         3548    .constdata          TCPD_CM3.lib(at_nbns.o)
    0x08008d42   0x00000011   Data   RO         3560    .constdata          TCPD_CM3.lib(at_ethernet.o)
    0x08008d53   0x00000001   PAD
    0x08008d54   0x00000042   Data   RO         3294    .conststring        eth_stm32f4xx.o
    0x08008d96   0x00000050   Data   RO         3482    .conststring        TCPD_CM3.lib(at_tcp.o)
    0x08008de6   0x00000002   PAD
    0x08008de8   0x00000020   Data   RO         3952    Region$$Table       anon$$obj.o


    Execution Region RW_IRAM1 (Base: 0x20000000, Size: 0x00008fb8, Max: 0x00020000, ABSOLUTE)

    Base Addr    Size         Type   Attr      Idx    E Section Name        Object

    0x20000000   0x0000000c   Data   RW            5    .data               main.o
    0x2000000c   0x00000016   Data   RW          184    .data               net_config.o
    0x20000022   0x00000007   Data   RW          297    .data               app_tcpnet_lib.o
    0x20000029   0x00000003   PAD
    0x2000002c   0x0000001d   Data   RW          650    .data               bsp_timer.o
    0x20000049   0x00000001   Data   RW          844    .data               bsp_uart_fifo.o
    0x2000004a   0x00000010   Data   RW         1856    .data               stm32f4xx_rcc.o
    0x2000005a   0x00000002   PAD
    0x2000005c   0x00000014   Data   RW         3244    .data               system_stm32f4xx.o
    0x20000070   0x00000003   Data   RW         3295    .data               eth_stm32f4xx.o
    0x20000073   0x00000001   PAD
    0x20000074   0x00000008   Data   RW         3395    .data               TCPD_CM3.lib(at_arp.o)
    0x2000007c   0x0000000c   Data   RW         3424    .data               TCPD_CM3.lib(at_ip.o)
    0x20000088   0x00000030   Data   RW         3483    .data               TCPD_CM3.lib(at_tcp.o)
    0x200000b8   0x00000002   Data   RW         3532    .data               TCPD_CM3.lib(at_udp.o)
    0x200000ba   0x00000001   Data   RW         3549    .data               TCPD_CM3.lib(at_nbns.o)
    0x200000bb   0x00000001   PAD
    0x200000bc   0x00000004   Data   RW         3926    .data               mc_w.l(stdout.o)
    0x200000c0   0x0000212c   Zero   RW          182    .bss                net_config.o
    0x200021ec   0x000016ea   Zero   RW          295    .bss                app_tcpnet_lib.o
    0x200038d6   0x00000002   PAD
    0x200038d8   0x000000ad   Zero   RW          466    .bss                bsp_key.o
    0x20003985   0x00000003   PAD
    0x20003988   0x00000030   Zero   RW          648    .bss                bsp_timer.o
    0x200039b8   0x000020a0   Zero   RW          843    .bss                bsp_uart_fifo.o
    0x20005a58   0x00002460   Zero   RW         3293    .bss                eth_stm32f4xx.o
    0x20007eb8   0x00000010   Zero   RW         3439    .bss                TCPD_CM3.lib(at_icmp.o)
    0x20007ec8   0x00000084   Zero   RW         3559    .bss                TCPD_CM3.lib(at_ethernet.o)
    0x20007f4c   0x00000010   Zero   RW         3574    .bss                TCPD_CM3.lib(at_mem.o)
    0x20007f5c   0x00000058   Zero   RW         3588    .bss                TCPD_CM3.lib(at_system.o)
    0x20007fb4   0x00000004   PAD
    0x20007fb8   0x00001000   Zero   RW         1129    STACK               startup_stm32f40_41xxx.o


==============================================================================

Image component sizes


      Code (inc. data)   RO Data    RW Data    ZI Data      Debug   Object Name

      5658        362        512          7       5866      47453   app_tcpnet_lib.o
        64          6          0          0          0       1456   bsp.o
       512         62          0          0          0       4553   bsp_flash_if.o
       930        134          0          0        173      10026   bsp_key.o
       212         30          0          0          0       1653   bsp_led.o
       802        146         48         29         48      35381   bsp_timer.o
      1572        154          0          1       8352       9124   bsp_uart_fifo.o
      2152        466         66          3       9312      41470   eth_stm32f4xx.o
       104         18          0         12          0     322655   main.o
       140         24          0          0          0       1771   misc.o
       106          8        120         22       8492      18938   net_config.o
         6          0          0          0          0       2085   net_debug.o
        36          8        392          0       4096        948   startup_stm32f40_41xxx.o
       184         16          0          0          0       2404   stm32f4xx_exti.o
       502         58          0          0          0       6469   stm32f4xx_flash.o
       214          0          0          0          0       2007   stm32f4xx_gpio.o
       104         50          0          0          0       3033   stm32f4xx_it.o
        12          6          0          0          0        598   stm32f4xx_pwr.o
       328         36          0         16          0       5023   stm32f4xx_rcc.o
        60         10          0          0          0       2431   stm32f4xx_rtc.o
        64          4          0          0          0        720   stm32f4xx_syscfg.o
       214         28          0          0          0       4114   stm32f4xx_tim.o
       456          8          0          0          0       6703   stm32f4xx_usart.o
       340         32          0         20          0       1917   system_stm32f4xx.o

    ----------------------------------------------------------------------
     14800       1666       1170        116      36344     532932   Object Totals
         0          0         32          0          0          0   (incl. Generated)
        28          0          0          6          5          0   (incl. Padding)

    ----------------------------------------------------------------------

      Code (inc. data)   RO Data    RW Data    ZI Data      Debug   Library Member Name

      3352       1074         78          8          0       1248   at_arp.o
       988        372         17          0        132        492   at_ethernet.o
       984        450          0          0         16        396   at_icmp.o
      1498        494         32         12          0        696   at_ip.o
       310          6          0          0          0        996   at_lib.o
      1168        438          0          0         16        528   at_mem.o
       716        268          8          1          0        180   at_nbns.o
       204         38          0          0         88        292   at_system.o
      8052       3038        104         48          0       2300   at_tcp.o
      1824        810          0          2          0        688   at_udp.o
         0          0          0          0          0          0   entry.o
         0          0          0          0          0          0   entry10a.o
         0          0          0          0          0          0   entry11a.o
         8          4          0          0          0          0   entry2.o
         4          0          0          0          0          0   entry5.o
         0          0          0          0          0          0   entry7b.o
         0          0          0          0          0          0   entry8b.o
         8          4          0          0          0          0   entry9a.o
        30          0          0          0          0          0   handlers.o
        36          8          0          0          0         68   init.o
       916         20          0          0          0        504   printf6.o
         0          0          0          4          0          0   stdout.o
        44          0          0          0          0         80   uidiv.o

    ----------------------------------------------------------------------
     20148       7024        242         76        256       8468   Library Totals
         6          0          3          1          4          0   (incl. Padding)

    ----------------------------------------------------------------------

      Code (inc. data)   RO Data    RW Data    ZI Data      Debug   Library Name

     19096       6988        239         71        252       7816   TCPD_CM3.lib
      1046         36          0          4          0        652   mc_w.l

    ----------------------------------------------------------------------
     20148       7024        242         76        256       8468   Library Totals

    ----------------------------------------------------------------------

==============================================================================


      Code (inc. data)   RO Data    RW Data    ZI Data      Debug   

     34948       8690       1412        192      36600     524612   Grand Totals
     34948       8690       1412        192      36600     524612   ELF Image Totals
     34948       8690       1412        192          0          0   ROM Totals

==============================================================================

    Total RO  Size (Code + RO Data)                36360 (  35.51kB)
    Total RW  Size (RW Data + ZI Data)             36792 (  35.93kB)
    Total ROM Size (Code + RO Data + RW Data)      36552 (  35.70kB)

==============================================================================

